Microchip MPLAB XC8 Compiler V1.34 ()

Linker command line:

-W-3 --edf=C:\Program Files (x86)\Microchip\xc8\v1.34\dat\en_msgs.txt -cs \
  -h+dist/default/production\labfinal.X.production.sym \
  --cmf=dist/default/production\labfinal.X.production.cmf -z -Q18F4620 \
  -oC:\Users\julia\AppData\Local\Temp\sc38.6 \
  -Mdist/default/production/labfinal.X.production.map -E1 -ver=XC8 \
  -ASTACK=01A3h-0f7fh -pstack=STACK -ACODE=00h-0FFFFh -ACONST=00h-0FFFFh \
  -ASMALLCONST=01000h-010FFhx240 -AMEDIUMCONST=01000h-0FFFFh \
  -ACOMRAM=01h-07Fh -AABS1=00h-0F7Fh -ABIGRAM=01h-0F7Fh \
  -ARAM=080h-0FFh,0100h-01FFhx14,0F00h-0F7Fh -ABANK0=080h-0FFh \
  -ABANK1=0100h-01FFh -ABANK2=0200h-02FFh -ABANK3=0300h-03FFh \
  -ABANK4=0400h-04FFh -ABANK5=0500h-05FFh -ABANK6=0600h-06FFh \
  -ABANK7=0700h-07FFh -ABANK8=0800h-08FFh -ABANK9=0900h-09FFh \
  -ABANK10=0A00h-0AFFh -ABANK11=0B00h-0BFFh -ABANK12=0C00h-0CFFh \
  -ABANK13=0D00h-0DFFh -ABANK14=0E00h-0EFFh -ABANK15=0F00h-0F7Fh \
  -ASFR=0F80h-0FFFh \
  -preset_vec=00h,intcode=08h,intcodelo,powerup,init,end_init \
  -pramtop=01000h -psmallconst=SMALLCONST -pmediumconst=MEDIUMCONST \
  -pconst=CONST -AFARRAM=00h-00h -ACONFIG=0300000h-030000Dh -pconfig=CONFIG \
  -AIDLOC=0200000h-0200007h -pidloc=IDLOC -AEEDATA=0F00000h-0F003FFh \
  -peeprom_data=EEDATA \
  -prdata=COMRAM,nvrram=COMRAM,nvbit=COMRAM,rbss=COMRAM,rbit=COMRAM \
  -pfarbss=FARRAM,fardata=FARRAM,nvFARRAM=FARRAM \
  -pintsave_regs=BIGRAM,bigbss=BIGRAM,bigdata=BIGRAM -pbss=RAM \
  -pidata=CODE,irdata=CODE,ibigdata=CODE,ifardata=CODE -prparam=COMRAM \
  C:\Users\julia\AppData\Local\Temp\sc38.obj \
  dist/default/production\labfinal.X.production.obj 

Object code version is 3.11

Machine type is 18F4620

Call graph: (short form)




                Name                               Link     Load   Length Selector   Space Scale
C:\Users\julia\AppData\Local\Temp\sc38.obj
                end_init                             18       18        4        4       0
                reset_vec                             0        0        4        0       0
                idloc                            200000   200000        8   200000       0
                config                           300000   300000        E   300000       0
dist/default/production\labfinal.X.production.obj
                intcode                               8        8       10        4       0
                mediumconst                        FBF8     FBF8      408     7DFC       0
                text119                            4F30     4F30        8        4       0
                text118                            2410     2410      1CC        4       0
                text117                            4A2E     4A2E       2C        4       0
                text116                            4A02     4A02       2C        4       0
                text115                            4EEE     4EEE        C        4       0
                intcode_body                       3E9C     3E9C       90        4       0
                text113                            4E74     4E74       12        4       0
                text112                            4F28     4F28        8        4       0
                text111                            4D2A     4D2A       1C        4       0
                text110                            38AE     38AE       C6        4       0
                text109                            36F0     36F0       E2        4       0
                text108                            3252     3252       F8        4       0
                text107                            3528     3528       E6        4       0
                text106                            4B4C     4B4C       26        4       0
                text105                            3AE0     3AE0       B6        4       0
                text104                            4D0E     4D0E       1C        4       0
                text103                            4B26     4B26       26        4       0
                text102                            4E62     4E62       12        4       0
                text101                            4CF2     4CF2       1C        4       0
                text100                            4E50     4E50       12        4       0
                text99                             4CD6     4CD6       1C        4       0
                text98                             4AAE     4AAE       2A        4       0
                text97                             4A84     4A84       2A        4       0
                text96                             4EE2     4EE2        C        4       0
                text95                             4F20     4F20        8        4       0
                text94                             4F18     4F18        8        4       0
                text93                             4F0E     4F0E        A        4       0
                text92                             4E3E     4E3E       12        4       0
                text91                             4E2C     4E2C       12        4       0
                text90                             48CA     48CA       3E        4       0
                text89                             4D46     4D46       1A        4       0
                text88                             4C60     4C60       20        4       0
                text87                             4C80     4C80       1E        4       0
                text86                             4F04     4F04        A        4       0
                text85                             4ED4     4ED4        E        4       0
                text84                             4B96     4B96       24        4       0
                text83                             4246     4246       70        4       0
                text82                             4DF4     4DF4       14        4       0
                text81                             3E06     3E06       96        4       0
                text80                             4B72     4B72       24        4       0
                text79                             25DC     25DC      1C4        4       0
                text78                             469E     469E       50        4       0
                text77                             3FB8     3FB8       8C        4       0
                text76                             41D6     41D6       70        4       0
                text75                             43EC     43EC       60        4       0
                text74                             3148     3148      10A        4       0
                text73                             3038     3038      110        4       0
                text72                             3D70     3D70       96        4       0
                text71                             4154     4154       82        4       0
                text70                             4AD8     4AD8       28        4       0
                text69                             1DC0     1DC0      244        4       0
                text68                             4BFE     4BFE       22        4       0
                text67                             4EC6     4EC6        E        4       0
                text66                             1388     1388      3E0        4       0
                text65                               1C       1C      C44        4       0
                text64                             4CBA     4CBA       1C        4       0
                text63                             444C     444C       5C        4       0
                text62                             4DA2     4DA2       16        4       0
                text61                             4E1A     4E1A       12        4       0
                text60                             4EFA     4EFA        A        4       0
                text59                             4784     4784       48        4       0
                text58                             47CC     47CC       44        4       0
                text57                             4DE0     4DE0       14        4       0
                text56                             4EB6     4EB6       10        4       0
                text55                             4EA6     4EA6       10        4       0
                text54                             4556     4556       56        4       0
                text53                             49A6     49A6       30        4       0
                text52                             40CC     40CC       88        4       0
                text51                             473A     473A       4A        4       0
                text50                             2C92     2C92      156        4       0
                text49                             488C     488C       3E        4       0
                text48                             360E     360E       E2        4       0
                text47                             2B0E     2B0E      184        4       0
                text46                             3A2A     3A2A       B6        4       0
                text45                             4324     4324       66        4       0
                text44                             44A8     44A8       58        4       0
                text43                             3C40     3C40       9A        4       0
                text42                             4500     4500       56        4       0
                text41                             4E08     4E08       12        4       0
                text40                             2F28     2F28      110        4       0
                text39                             484E     484E       3E        4       0
                text38                             334A     334A       F2        4       0
                text37                             49D6     49D6       2C        4       0
                text36                             37D2     37D2       DC        4       0
                text35                             4C9E     4C9E       1C        4       0
                text34                             4944     4944       32        4       0
                text33                             1768     1768      3A2        4       0
                text32                             4DCC     4DCC       14        4       0
                text31                             4E96     4E96       10        4       0
                text30                             27A0     27A0      1BA        4       0
                text29                             4C40     4C40       20        4       0
                text28                             295A     295A      1B4        4       0
                text27                             4C20     4C20       20        4       0
                text26                             3974     3974       B6        4       0
                text25                             2DE8     2DE8      140        4       0
                text24                             4044     4044       88        4       0
                text23                             45AC     45AC       52        4       0
                text22                             4908     4908       3C        4       0
                text21                             4B00     4B00       26        4       0
                text20                             42B6     42B6       6E        4       0
                text19                             464E     464E       50        4       0
                text18                             46EE     46EE       4C        4       0
                text17                             45FE     45FE       50        4       0
                text16                             4A5A     4A5A       2A        4       0
                text15                             4F38     4F38        6        4       0
                text14                             3B96     3B96       AA        4       0
                text13                             4810     4810       3E        4       0
                text12                             2004     2004      232        4       0
                text11                             4976     4976       30        4       0
                text10                             3CDA     3CDA       96        4       0
                text9                              4D8C     4D8C       16        4       0
                text8                              4DB8     4DB8       14        4       0
                text7                              4E86     4E86       10        4       0
                text6                              4D76     4D76       16        4       0
                text5                              343C     343C       EC        4       0
                text4                              2236     2236      1DA        4       0
                text3                              4BDC     4BDC       22        4       0
                text2                              4D60     4D60       16        4       0
                text1                               C60      C60      728        4       0
                text0                              1B0A     1B0A      2B6        4       0
                cstackCOMRAM                          1        1       59        1       1
                cstackBANK0                          80       80       34       80       1
                cstackBANK1                         18C      18C       17      100       1
                dataBANK1                           100      100       8C      100       1
                dataBANK0                            DA       DA       22       80       1
                bssBANK0                             B4       B4       26       80       1
                bssCOMRAM                            5A       5A       12        1       1
                cinit                              438A     438A       62        4       0
                idataBANK1                         3F2C     3F2C       8C        4       0
                idataBANK0                         4BBA     4BBA       22        4       0

TOTAL           Name                               Link     Load   Length     Space
        CLASS   STACK          

        CLASS   CODE           
                end_init                             18       18        4         0
                intcode                               8        8       10         0
                reset_vec                             0        0        4         0
                text119                            4F30     4F30        8         0
                text118                            2410     2410      1CC         0
                text117                            4A2E     4A2E       2C         0
                text116                            4A02     4A02       2C         0
                text115                            4EEE     4EEE        C         0
                intcode_body                       3E9C     3E9C       90         0
                text113                            4E74     4E74       12         0
                text112                            4F28     4F28        8         0
                text111                            4D2A     4D2A       1C         0
                text110                            38AE     38AE       C6         0
                text109                            36F0     36F0       E2         0
                text108                            3252     3252       F8         0
                text107                            3528     3528       E6         0
                text106                            4B4C     4B4C       26         0
                text105                            3AE0     3AE0       B6         0
                text104                            4D0E     4D0E       1C         0
                text103                            4B26     4B26       26         0
                text102                            4E62     4E62       12         0
                text101                            4CF2     4CF2       1C         0
                text100                            4E50     4E50       12         0
                text99                             4CD6     4CD6       1C         0
                text98                             4AAE     4AAE       2A         0
                text97                             4A84     4A84       2A         0
                text96                             4EE2     4EE2        C         0
                text95                             4F20     4F20        8         0
                text94                             4F18     4F18        8         0
                text93                             4F0E     4F0E        A         0
                text92                             4E3E     4E3E       12         0
                text91                             4E2C     4E2C       12         0
                text90                             48CA     48CA       3E         0
                text89                             4D46     4D46       1A         0
                text88                             4C60     4C60       20         0
                text87                             4C80     4C80       1E         0
                text86                             4F04     4F04        A         0
                text85                             4ED4     4ED4        E         0
                text84                             4B96     4B96       24         0
                text83                             4246     4246       70         0
                text82                             4DF4     4DF4       14         0
                text81                             3E06     3E06       96         0
                text80                             4B72     4B72       24         0
                text79                             25DC     25DC      1C4         0
                text78                             469E     469E       50         0
                text77                             3FB8     3FB8       8C         0
                text76                             41D6     41D6       70         0
                text75                             43EC     43EC       60         0
                text74                             3148     3148      10A         0
                text73                             3038     3038      110         0
                text72                             3D70     3D70       96         0
                text71                             4154     4154       82         0
                text70                             4AD8     4AD8       28         0
                text69                             1DC0     1DC0      244         0
                text68                             4BFE     4BFE       22         0
                text67                             4EC6     4EC6        E         0
                text66                             1388     1388      3E0         0
                text65                               1C       1C      C44         0
                text64                             4CBA     4CBA       1C         0
                text63                             444C     444C       5C         0
                text62                             4DA2     4DA2       16         0
                text61                             4E1A     4E1A       12         0
                text60                             4EFA     4EFA        A         0
                text59                             4784     4784       48         0
                text58                             47CC     47CC       44         0
                text57                             4DE0     4DE0       14         0
                text56                             4EB6     4EB6       10         0
                text55                             4EA6     4EA6       10         0
                text54                             4556     4556       56         0
                text53                             49A6     49A6       30         0
                text52                             40CC     40CC       88         0
                text51                             473A     473A       4A         0
                text50                             2C92     2C92      156         0
                text49                             488C     488C       3E         0
                text48                             360E     360E       E2         0
                text47                             2B0E     2B0E      184         0
                text46                             3A2A     3A2A       B6         0
                text45                             4324     4324       66         0
                text44                             44A8     44A8       58         0
                text43                             3C40     3C40       9A         0
                text42                             4500     4500       56         0
                text41                             4E08     4E08       12         0
                text40                             2F28     2F28      110         0
                text39                             484E     484E       3E         0
                text38                             334A     334A       F2         0
                text37                             49D6     49D6       2C         0
                text36                             37D2     37D2       DC         0
                text35                             4C9E     4C9E       1C         0
                text34                             4944     4944       32         0
                text33                             1768     1768      3A2         0
                text32                             4DCC     4DCC       14         0
                text31                             4E96     4E96       10         0
                text30                             27A0     27A0      1BA         0
                text29                             4C40     4C40       20         0
                text28                             295A     295A      1B4         0
                text27                             4C20     4C20       20         0
                text26                             3974     3974       B6         0
                text25                             2DE8     2DE8      140         0
                text24                             4044     4044       88         0
                text23                             45AC     45AC       52         0
                text22                             4908     4908       3C         0
                text21                             4B00     4B00       26         0
                text20                             42B6     42B6       6E         0
                text19                             464E     464E       50         0
                text18                             46EE     46EE       4C         0
                text17                             45FE     45FE       50         0
                text16                             4A5A     4A5A       2A         0
                text15                             4F38     4F38        6         0
                text14                             3B96     3B96       AA         0
                text13                             4810     4810       3E         0
                text12                             2004     2004      232         0
                text11                             4976     4976       30         0
                text10                             3CDA     3CDA       96         0
                text9                              4D8C     4D8C       16         0
                text8                              4DB8     4DB8       14         0
                text7                              4E86     4E86       10         0
                text6                              4D76     4D76       16         0
                text5                              343C     343C       EC         0
                text4                              2236     2236      1DA         0
                text3                              4BDC     4BDC       22         0
                text2                              4D60     4D60       16         0
                text1                               C60      C60      728         0
                text0                              1B0A     1B0A      2B6         0
                cinit                              438A     438A       62         0
                idataBANK1                         3F2C     3F2C       8C         0
                idataBANK0                         4BBA     4BBA       22         0

        CLASS   CONST          

        CLASS   SMALLCONST     

        CLASS   MEDIUMCONST    
                mediumconst                        FBF8     FBF8      408         0

        CLASS   COMRAM         
                cstackCOMRAM                          1        1       59         1
                bssCOMRAM                            5A       5A       12         1

        CLASS   ABS1           

        CLASS   BIGRAM         

        CLASS   RAM            

        CLASS   BANK0          
                cstackBANK0                          80       80       34         1
                dataBANK0                            DA       DA       22         1
                bssBANK0                             B4       B4       26         1

        CLASS   BANK1          
                cstackBANK1                         18C      18C       17         1
                dataBANK1                           100      100       8C         1

        CLASS   BANK2          

        CLASS   BANK3          

        CLASS   BANK4          

        CLASS   BANK5          

        CLASS   BANK6          

        CLASS   BANK7          

        CLASS   BANK8          

        CLASS   BANK9          

        CLASS   BANK10         

        CLASS   BANK11         

        CLASS   BANK12         

        CLASS   BANK13         

        CLASS   BANK14         

        CLASS   BANK15         

        CLASS   SFR            

        CLASS   FARRAM         

        CLASS   CONFIG         
                config                           300000   300000        E         0

        CLASS   IDLOC          
                idloc                            200000   200000        8         0

        CLASS   EEDATA         



SEGMENTS        Name                           Load    Length   Top    Selector   Space  Class

                reset_vec                      000000  000004  000004         0       0  CODE    
                cstackCOMRAM                   000001  00006B  00006C         1       1  COMRAM  
                intcode                        000008  004F36  004F3E         4       0  CODE    
                cstackBANK0                    000080  00007C  0000FC        80       1  BANK0   
                dataBANK1                      000100  0000A3  0001A3       100       1  BANK1   
                mediumconst                    00FBF8  000408  010000      7DFC       0  MEDIUMCO
                idloc                          200000  000008  200008    200000       0  IDLOC   
                config                         300000  00000E  30000E    300000       0  CONFIG  


UNUSED ADDRESS RANGES

        Name                Unused          Largest block    Delta
        BANK0            0000FC-0000FF                4
        BANK1            0001A3-0001FF               5D
        BANK10           000A00-000AFF              100
        BANK11           000B00-000BFF              100
        BANK12           000C00-000CFF              100
        BANK13           000D00-000DFF              100
        BANK14           000E00-000EFF              100
        BANK15           000F00-000F7F               80
        BANK2            000200-0002FF              100
        BANK3            000300-0003FF              100
        BANK4            000400-0004FF              100
        BANK5            000500-0005FF              100
        BANK6            000600-0006FF              100
        BANK7            000700-0007FF              100
        BANK8            000800-0008FF              100
        BANK9            000900-0009FF              100
        BIGRAM           00006C-00007F               14
                         0000FC-0000FF                4
                         0001A3-000F7F              DDD
        CODE             000004-000007                4
                         004F3E-00FBF7             ACBA
        COMRAM           00006C-00007F               14
        CONST            000004-000007                4
                         004F3E-00FBF7             ACBA
        EEDATA           F00000-F003FF              400
        MEDIUMCONST      004F3E-00FBF7             ACBA
        RAM              0000FC-0000FF                4
                         0001A3-000F7F              100
        SFR              000F80-000FFF               80
        SMALLCONST       004F3E-00FBF7              100
        STACK            0001A3-000F7F              DDD

                                  Symbol Table

?_DS1621_Read_Temp                            cstackCOMRAM 000014
?_Read_Volt                                   cstackCOMRAM 00003D
?___awdiv                                     cstackCOMRAM 000017
?___awmod                                     cstackCOMRAM 00003D
?___awtoft                                    cstackCOMRAM 000019
?___ftadd                                     cstackCOMRAM 00004D
?___ftdiv                                     cstackCOMRAM 00002E
?___ftmul                                     cstackCOMRAM 00001F
?___ftneg                                     cstackCOMRAM 000011
?___ftpack                                    cstackCOMRAM 000011
?___ftsub                                     cstackBANK0  000080
?___fttol                                     cstackCOMRAM 00002E
?___lbtoft                                    cstackCOMRAM 000019
?___lldiv                                     cstackCOMRAM 000011
?___llmod                                     cstackCOMRAM 00001E
?___lltoft                                    cstackCOMRAM 000019
?___wmul                                      cstackCOMRAM 000011
?__div_to_l_                                  cstackCOMRAM 000011
?__tdiv_to_l_                                 cstackCOMRAM 000011
?_dec_2_bcd                                   cstackCOMRAM 000043
?_fround                                      cstackCOMRAM 000043
?_get_RPM                                     cstackCOMRAM 00001F
?_get_duty_cycle                              cstackCOMRAM 000017
?_get_full_ADC                                cstackCOMRAM 000011
?_printf                                      cstackBANK0  000086
?_scale                                       cstackCOMRAM 000043
?_strlen                                      cstackCOMRAM 000011
DS1621_Init@Device                            cstackCOMRAM 000016
DS1621_Read_Temp@Cmd                          cstackCOMRAM 000019
DS1621_Read_Temp@Data_Ret                     cstackCOMRAM 000017
DS1621_Read_Temp@Device                       cstackCOMRAM 00001A
DS3231_Read_Time@Address                      cstackCOMRAM 000014
DS3231_Read_Time@Device                       cstackCOMRAM 000015
DS3231_Write_Time@Address                     cstackCOMRAM 00004B
DS3231_Write_Time@Device                      cstackCOMRAM 00004A
I2C_Init@c                                    cstackCOMRAM 000011
I2C_Read@ack                                  cstackCOMRAM 000011
I2C_Read@inByte                               cstackCOMRAM 000013
I2C_Read@n                                    cstackCOMRAM 000012
I2C_Write@n                                   cstackCOMRAM 000012
I2C_Write@outByte                             cstackCOMRAM 000011
I2C_Write_Cmd_Only@Cmd                        cstackCOMRAM 000013
I2C_Write_Cmd_Only@Device                     cstackCOMRAM 000014
I2C_Write_Cmd_Write_Data@Cmd                  cstackCOMRAM 000013
I2C_Write_Cmd_Write_Data@Data_Out             cstackCOMRAM 000014
I2C_Write_Cmd_Write_Data@Device               cstackCOMRAM 000015
INT1_isr@k                                    cstackCOMRAM 000001
INT2_isr@k                                    cstackCOMRAM 000001
OpenUSART@config                              cstackCOMRAM 000013
OpenUSART@spbrg                               cstackCOMRAM 000011
Read_Volt@ADC_Channel                         cstackCOMRAM 000043
Read_Volt@nStep                               cstackCOMRAM 000044
Read_Volt@volt                                cstackCOMRAM 000040
Set_D1_RGB@duty_cycle                         cstackCOMRAM 000020
Set_D1_RGB@x                                  cstackCOMRAM 000021
Set_D2_RGB@rpm                                cstackCOMRAM 00001F
Set_D2_RGB@y                                  cstackCOMRAM 000022
Set_D3_RGB@FAN_TIMER_MODE                     cstackCOMRAM 000014
Set_D3_RGB@j                                  cstackCOMRAM 000012
Update_Screen@neg_tempC                       cstackCOMRAM 00004C
Update_Screen@neg_tempF                       cstackCOMRAM 00004E
Update_Setup_Fan_Screen@dc_char1              cstackCOMRAM 00004A
Update_Setup_Fan_Screen@dc_char2              cstackCOMRAM 00004B
Update_Setup_Fan_Screen@dc_char3              cstackCOMRAM 00004C
Update_Setup_Screen_Cursor_Backward@field     cstackCOMRAM 00002E
Update_Setup_Screen_Cursor_Backward@xinc      cstackCOMRAM 000030
Update_Setup_Screen_Cursor_Backward@yinc      cstackCOMRAM 00002F
Update_Setup_Screen_Cursor_Forward@field      cstackCOMRAM 00002E
Update_Setup_Screen_Cursor_Forward@xinc       cstackCOMRAM 000030
Update_Setup_Screen_Cursor_Forward@yinc       cstackCOMRAM 00002F
Wait_Half_Sec@k                               cstackCOMRAM 000011
_ADCON0                                       (abs)        000FC2
_ADCON0bits                                   (abs)        000FC2
_ADCON1                                       (abs)        000FC1
_ADCON2                                       (abs)        000FC0
_ADRESH                                       (abs)        000FC4
_ADRESL                                       (abs)        000FC3
_Activate_Buzzer                              text113      004E74
_Activate_Buzzer_2KHz                         text100      004E50
_Activate_Buzzer_500Hz                        text102      004E62
_CCP1CON                                      (abs)        000FBD
_CCP2CON                                      (abs)        000FBA
_CCPR1L                                       (abs)        000FBE
_CCPR2L                                       (abs)        000FBB
_DC_Txt                                       dataBANK0    0000E4
_DS1621_Init                                  text87       004C80
_DS1621_Read_Temp                             text58       0047CC
_DS3231_Read_Time                             text45       004324
_DS3231_Write_Time                            text43       003C40
_Deactivate_Buzzer                            text112      004F28
_Decrease_Duty_Cycle                          text103      004B26
_Decrease_Fan_Temp                            text9        004D8C
_Decrease_Time                                text46       003A2A
_Do_Beep                                      text104      004D0E
_Do_Beep_Bad                                  text101      004CF2
_Do_Beep_Good                                 text99       004CD6
_Do_Change_Fan_Timer_Mode_Minus               text98       004AAE
_Do_Change_Fan_Timer_Mode_Plus                text97       004A84
_Do_Init                                      text63       00444C
_Do_Save_New_Fan_Temp                         text8        004DB8
_Do_Save_New_Time                             text32       004DCC
_Do_Setup_Time                                text12       002004
_Enable_INT_Interrupt                         text15       004F38
_Exit_Setup_Fan_Temp                          text7        004E86
_Exit_Time_Setup                              text31       004E96
_FAN                                          bssBANK0     0000C3
_FANMODE                                      bssBANK0     0000C4
_FAN_TIMER_MODE                               bssCOMRAM    00005E
_FAN_TIMER_TIME                               bssCOMRAM    00005F
_Fan_Mode_Txt                                 dataBANK1    00017D
_Fan_SW_Txt                                   dataBANK0    0000E8
_Fan_Set_Temp_Txt                             dataBANK0    0000EC
_Fan_Timer_Mode_Txt                           dataBANK0    0000F0
_Fan_Timer_Txt                                dataBANK0    0000F4
_Go_Next_Field                                text29       004C40
_Go_Prev_Field                                text27       004C20
_I2C_Init                                     text86       004F04
_I2C_ReStart                                  text62       004DA2
_I2C_Read                                     text59       004784
_I2C_Start                                    text92       004E3E
_I2C_Stop                                     text91       004E2C
_I2C_Write                                    text90       0048CA
_I2C_Write_Cmd_Only                           text89       004D46
_I2C_Write_Cmd_Write_Data                     text88       004C60
_INT0_flag                                    bssBANK0     0000C5
_INT0_isr                                     text118      002410
_INT1_flag                                    bssBANK0     0000C6
_INT1_isr                                     text117      004A2E
_INT2_flag                                    bssBANK0     0000C7
_INT2_isr                                     text116      004A02
_INTCON2bits                                  (abs)        000FF1
_INTCON3bits                                  (abs)        000FF0
_INTCONbits                                   (abs)        000FF2
_In_Fan_Temp_Setup                            bssBANK0     0000C8
_In_Time_Setup                                bssBANK0     0000C9
_Increase_Duty_Cycle                          text11       004976
_Increase_Fan_Temp                            text6        004D76
_Increase_Time                                text26       003974
_Init_ADC                                     text85       004ED4
_Init_Interrupt                               text84       004B96
_Init_UART                                    text82       004DF4
_Initialize_Screen                            text33       001768
_Initialize_Setup_Fan_Screen                  text5        00343C
_Initialize_Setup_Time_Screen                 text25       002DE8
_LCD_Reset                                    text41       004E08
_Monitor_Fan                                  text23       0045AC
_Nec_Button                                   bssBANK0     0000CA
_Nec_code                                     bssBANK0     0000B4
_Nec_ok                                       bssBANK0     0000BB
_Nec_state                                    bssCOMRAM    000060
_OSCCON                                       (abs)        000FD3
_OpenUSART                                    text83       004246
_PIE1bits                                     (abs)        000F9D
_PIR1bits                                     (abs)        000F9E
_PIR2bits                                     (abs)        000FA1
_PORTA                                        (abs)        000F80
_PORTB                                        (abs)        000F81
_PORTCbits                                    (abs)        000F82
_PORTDbits                                    (abs)        000F83
_PORTE                                        (abs)        000F84
_PR2                                          (abs)        000FCB
_RBPU                                         (abs)        007F8F
_RCSTA                                        (abs)        000FAB
_RCSTAbits                                    (abs)        000FAB
_RPM_Txt                                      dataBANK1    000182
_RTC_ALARM_Txt                                dataBANK0    0000DA
_Rcmd1                                        text40       002F28
_Rcmd2red                                     text39       00484E
_Rcmd3                                        text38       00334A
_Read_Volt                                    text20       0042B6
_SPBRG                                        (abs)        000FAF
_SPBRGH                                       (abs)        000FB0
_SSPBUF                                       (abs)        000FC9
_SSPCON1                                      (abs)        000FC6
_SSPSTAT                                      (abs)        000FC7
_SSPSTATbits                                  (abs)        000FC7
_SYSTEM_ON                                    bssBANK0     0000CB
_Select_Fan_Temp_Field                        bssBANK0     0000CC
_Select_Field                                 bssBANK0     0000CD
_Set_D1_RGB                                   text19       00464E
_Set_D2_RGB                                   text18       0046EE
_Set_D3_RGB                                   text17       0045FE
_Setup_Fan_Temp                               text4        002236
_T1CON                                        (abs)        000FCD
_T1CONbits                                    (abs)        000FCD
_T2CON                                        (abs)        000FCA
_T3CON                                        (abs)        000FB1
_T3CONbits                                    (abs)        000FB1
_TFT_GreenTab_Initialize                      text37       0049D6
_TIMER1_isr                                   text115      004EEE
_TMR0H                                        (abs)        000FD7
_TMR0L                                        (abs)        000FD6
_TMR1H                                        (abs)        000FCF
_TMR1L                                        (abs)        000FCE
_TMR3L                                        (abs)        000FB2
_TRISA                                        (abs)        000F92
_TRISB                                        (abs)        000F93
_TRISC                                        (abs)        000F94
_TRISCbits                                    (abs)        000F94
_TRISD                                        (abs)        000F95
_TRISDbits                                    (abs)        000F95
_TRISE                                        (abs)        000F96
_TRMT                                         (abs)        007D61
_TXREG                                        (abs)        000FAD
_TXSTA                                        (abs)        000FAC
_TXSTAbits                                    (abs)        000FAC
_Time_Elapsed                                 bssBANK0     0000BD
_Timer_Table                                  dataBANK1    000138
_Timing_Txt                                   dataBANK1    00013C
_Toggle_Fan                                   text2        004D60
_Turn_Off_Fan                                 text64       004CBA
_Turn_On_Fan                                  text3        004BDC
_Update_Screen                                text1        000C60
_Update_Setup_Fan_Screen                      text10       003CDA
_Update_Setup_Screen_Cursor_Backward          text28       00295A
_Update_Setup_Screen_Cursor_Forward           text30       0027A0
_Update_Setup_Time_Screen                     text47       002B0E
_Volt_Txt                                     dataBANK1    000177
_Wait_Half_Sec                                text111      004D2A
__CFG_BOREN$OFF                               (abs)        000000
__CFG_LVP$OFF                                 (abs)        000000
__CFG_OSC$INTIO67                             (abs)        000000
__CFG_WDT$OFF                                 (abs)        000000
__HRAM                                        (abs)        000000
__Habs1                                       abs1         000000
__Hbank0                                      bank0        000000
__Hbank1                                      bank1        000000
__Hbank10                                     bank10       000000
__Hbank11                                     bank11       000000
__Hbank12                                     bank12       000000
__Hbank13                                     bank13       000000
__Hbank14                                     bank14       000000
__Hbank15                                     bank15       000000
__Hbank2                                      bank2        000000
__Hbank3                                      bank3        000000
__Hbank4                                      bank4        000000
__Hbank5                                      bank5        000000
__Hbank6                                      bank6        000000
__Hbank7                                      bank7        000000
__Hbank8                                      bank8        000000
__Hbank9                                      bank9        000000
__Hbigbss                                     bigbss       000000
__Hbigdata                                    bigdata      000000
__Hbigram                                     bigram       000000
__Hbss                                        bss          000000
__HbssBANK0                                   bssBANK0     000000
__HbssCOMRAM                                  bssCOMRAM    000000
__Hcinit                                      cinit        000000
__Hclrtext                                    clrtext      000000
__Hcomram                                     comram       000000
__Hconfig                                     config       30000E
__Hconst                                      const        000000
__HcstackBANK0                                cstackBANK0  000000
__HcstackBANK1                                cstackBANK1  000000
__HcstackCOMRAM                               cstackCOMRAM 000000
__Hdata                                       data         000000
__HdataBANK0                                  dataBANK0    000000
__HdataBANK1                                  dataBANK1    000000
__Heeprom_data                                eeprom_data  000000
__Hend_init                                   end_init     00001C
__Hfarbss                                     farbss       000000
__Hfardata                                    fardata      000000
__Hibigdata                                   ibigdata     000000
__Hidata                                      idata        000000
__HidataBANK0                                 idataBANK0   000000
__HidataBANK1                                 idataBANK1   000000
__Hidloc                                      idloc        200008
__Hifardata                                   ifardata     000000
__Hinit                                       init         000018
__Hintcode                                    intcode      000018
__Hintcode_body                               intcode_body 000000
__Hintcodelo                                  intcodelo    000018
__Hintentry                                   intentry     000000
__Hintret                                     intret       000000
__Hintsave_regs                               intsave_regs 000000
__Hirdata                                     irdata       000000
__Hmediumconst                                mediumconst  010000
__HnvFARRAM                                   nvFARRAM     000000
__Hnvbit                                      nvbit        000000
__Hnvrram                                     nvrram       000000
__Hparam                                      rparam       000000
__Hpowerup                                    powerup      000018
__Hram                                        ram          000000
__Hramtop                                     ramtop       001000
__Hrbit                                       rbit         000000
__Hrbss                                       rbss         000000
__Hrdata                                      rdata        000000
__Hreset_vec                                  reset_vec    000004
__Hrparam                                     rparam       000000
__Hsfr                                        sfr          000000
__Hsmallconst                                 smallconst   000000
__Hspace_0                                    (abs)        30000E
__Hspace_1                                    (abs)        0001A3
__Hspace_2                                    (abs)        000000
__Hstack                                      stack        000000
__Hstruct                                     struct       000000
__Htemp                                       temp         000000
__Htext                                       text         000000
__Htext0                                      text0        000000
__Htext1                                      text1        000000
__Htext10                                     text10       000000
__Htext100                                    text100      000000
__Htext101                                    text101      000000
__Htext102                                    text102      000000
__Htext103                                    text103      000000
__Htext104                                    text104      000000
__Htext105                                    text105      000000
__Htext106                                    text106      000000
__Htext107                                    text107      000000
__Htext108                                    text108      000000
__Htext109                                    text109      000000
__Htext11                                     text11       000000
__Htext110                                    text110      000000
__Htext111                                    text111      000000
__Htext112                                    text112      000000
__Htext113                                    text113      000000
__Htext115                                    text115      000000
__Htext116                                    text116      000000
__Htext117                                    text117      000000
__Htext118                                    text118      000000
__Htext119                                    text119      000000
__Htext12                                     text12       000000
__Htext13                                     text13       000000
__Htext14                                     text14       000000
__Htext15                                     text15       000000
__Htext16                                     text16       000000
__Htext17                                     text17       000000
__Htext18                                     text18       000000
__Htext19                                     text19       000000
__Htext2                                      text2        000000
__Htext20                                     text20       000000
__Htext21                                     text21       000000
__Htext22                                     text22       000000
__Htext23                                     text23       000000
__Htext24                                     text24       000000
__Htext25                                     text25       000000
__Htext26                                     text26       000000
__Htext27                                     text27       000000
__Htext28                                     text28       000000
__Htext29                                     text29       000000
__Htext3                                      text3        000000
__Htext30                                     text30       000000
__Htext31                                     text31       000000
__Htext32                                     text32       000000
__Htext33                                     text33       000000
__Htext34                                     text34       000000
__Htext35                                     text35       000000
__Htext36                                     text36       000000
__Htext37                                     text37       000000
__Htext38                                     text38       000000
__Htext39                                     text39       000000
__Htext4                                      text4        000000
__Htext40                                     text40       000000
__Htext41                                     text41       000000
__Htext42                                     text42       000000
__Htext43                                     text43       000000
__Htext44                                     text44       000000
__Htext45                                     text45       000000
__Htext46                                     text46       000000
__Htext47                                     text47       000000
__Htext48                                     text48       000000
__Htext49                                     text49       000000
__Htext5                                      text5        000000
__Htext50                                     text50       000000
__Htext51                                     text51       000000
__Htext52                                     text52       000000
__Htext53                                     text53       000000
__Htext54                                     text54       000000
__Htext55                                     text55       000000
__Htext56                                     text56       000000
__Htext57                                     text57       000000
__Htext58                                     text58       000000
__Htext59                                     text59       000000
__Htext6                                      text6        000000
__Htext60                                     text60       000000
__Htext61                                     text61       000000
__Htext62                                     text62       000000
__Htext63                                     text63       000000
__Htext64                                     text64       000000
__Htext65                                     text65       000000
__Htext66                                     text66       000000
__Htext67                                     text67       000000
__Htext68                                     text68       000000
__Htext69                                     text69       000000
__Htext7                                      text7        000000
__Htext70                                     text70       000000
__Htext71                                     text71       000000
__Htext72                                     text72       000000
__Htext73                                     text73       000000
__Htext74                                     text74       000000
__Htext75                                     text75       000000
__Htext76                                     text76       000000
__Htext77                                     text77       000000
__Htext78                                     text78       000000
__Htext79                                     text79       000000
__Htext8                                      text8        000000
__Htext80                                     text80       000000
__Htext81                                     text81       000000
__Htext82                                     text82       000000
__Htext83                                     text83       000000
__Htext84                                     text84       000000
__Htext85                                     text85       000000
__Htext86                                     text86       000000
__Htext87                                     text87       000000
__Htext88                                     text88       000000
__Htext89                                     text89       000000
__Htext9                                      text9        000000
__Htext90                                     text90       000000
__Htext91                                     text91       000000
__Htext92                                     text92       000000
__Htext93                                     text93       000000
__Htext94                                     text94       000000
__Htext95                                     text95       000000
__Htext96                                     text96       000000
__Htext97                                     text97       000000
__Htext98                                     text98       000000
__Htext99                                     text99       000000
__LRAM                                        (abs)        000001
__Labs1                                       abs1         000000
__Lbank0                                      bank0        000000
__Lbank1                                      bank1        000000
__Lbank10                                     bank10       000000
__Lbank11                                     bank11       000000
__Lbank12                                     bank12       000000
__Lbank13                                     bank13       000000
__Lbank14                                     bank14       000000
__Lbank15                                     bank15       000000
__Lbank2                                      bank2        000000
__Lbank3                                      bank3        000000
__Lbank4                                      bank4        000000
__Lbank5                                      bank5        000000
__Lbank6                                      bank6        000000
__Lbank7                                      bank7        000000
__Lbank8                                      bank8        000000
__Lbank9                                      bank9        000000
__Lbigbss                                     bigbss       000000
__Lbigdata                                    bigdata      000000
__Lbigram                                     bigram       000000
__Lbss                                        bss          000000
__LbssBANK0                                   bssBANK0     000000
__LbssCOMRAM                                  bssCOMRAM    000000
__Lcinit                                      cinit        000000
__Lclrtext                                    clrtext      000000
__Lcomram                                     comram       000000
__Lconfig                                     config       300000
__Lconst                                      const        000000
__LcstackBANK0                                cstackBANK0  000000
__LcstackBANK1                                cstackBANK1  000000
__LcstackCOMRAM                               cstackCOMRAM 000000
__Ldata                                       data         000000
__LdataBANK0                                  dataBANK0    000000
__LdataBANK1                                  dataBANK1    000000
__Leeprom_data                                eeprom_data  000000
__Lend_init                                   end_init     000018
__Lfarbss                                     farbss       000000
__Lfardata                                    fardata      000000
__Libigdata                                   ibigdata     000000
__Lidata                                      idata        000000
__LidataBANK0                                 idataBANK0   000000
__LidataBANK1                                 idataBANK1   000000
__Lidloc                                      idloc        200000
__Lifardata                                   ifardata     000000
__Linit                                       init         000018
__Lintcode                                    intcode      000008
__Lintcode_body                               intcode_body 000000
__Lintcodelo                                  intcodelo    000018
__Lintentry                                   intentry     000000
__Lintret                                     intret       000000
__Lintsave_regs                               intsave_regs 000000
__Lirdata                                     irdata       000000
__Lmediumconst                                mediumconst  00FBF8
__LnvFARRAM                                   nvFARRAM     000000
__Lnvbit                                      nvbit        000000
__Lnvrram                                     nvrram       000000
__Lparam                                      rparam       000000
__Lpowerup                                    powerup      000018
__Lram                                        ram          000000
__Lramtop                                     ramtop       001000
__Lrbit                                       rbit         000000
__Lrbss                                       rbss         000000
__Lrdata                                      rdata        000000
__Lreset_vec                                  reset_vec    000000
__Lrparam                                     rparam       000000
__Lsfr                                        sfr          000000
__Lsmallconst                                 smallconst   000000
__Lspace_0                                    (abs)        000000
__Lspace_1                                    (abs)        000000
__Lspace_2                                    (abs)        000000
__Lstack                                      stack        000000
__Lstruct                                     struct       000000
__Ltemp                                       temp         000000
__Ltext                                       text         000000
__Ltext0                                      text0        000000
__Ltext1                                      text1        000000
__Ltext10                                     text10       000000
__Ltext100                                    text100      000000
__Ltext101                                    text101      000000
__Ltext102                                    text102      000000
__Ltext103                                    text103      000000
__Ltext104                                    text104      000000
__Ltext105                                    text105      000000
__Ltext106                                    text106      000000
__Ltext107                                    text107      000000
__Ltext108                                    text108      000000
__Ltext109                                    text109      000000
__Ltext11                                     text11       000000
__Ltext110                                    text110      000000
__Ltext111                                    text111      000000
__Ltext112                                    text112      000000
__Ltext113                                    text113      000000
__Ltext115                                    text115      000000
__Ltext116                                    text116      000000
__Ltext117                                    text117      000000
__Ltext118                                    text118      000000
__Ltext119                                    text119      000000
__Ltext12                                     text12       000000
__Ltext13                                     text13       000000
__Ltext14                                     text14       000000
__Ltext15                                     text15       000000
__Ltext16                                     text16       000000
__Ltext17                                     text17       000000
__Ltext18                                     text18       000000
__Ltext19                                     text19       000000
__Ltext2                                      text2        000000
__Ltext20                                     text20       000000
__Ltext21                                     text21       000000
__Ltext22                                     text22       000000
__Ltext23                                     text23       000000
__Ltext24                                     text24       000000
__Ltext25                                     text25       000000
__Ltext26                                     text26       000000
__Ltext27                                     text27       000000
__Ltext28                                     text28       000000
__Ltext29                                     text29       000000
__Ltext3                                      text3        000000
__Ltext30                                     text30       000000
__Ltext31                                     text31       000000
__Ltext32                                     text32       000000
__Ltext33                                     text33       000000
__Ltext34                                     text34       000000
__Ltext35                                     text35       000000
__Ltext36                                     text36       000000
__Ltext37                                     text37       000000
__Ltext38                                     text38       000000
__Ltext39                                     text39       000000
__Ltext4                                      text4        000000
__Ltext40                                     text40       000000
__Ltext41                                     text41       000000
__Ltext42                                     text42       000000
__Ltext43                                     text43       000000
__Ltext44                                     text44       000000
__Ltext45                                     text45       000000
__Ltext46                                     text46       000000
__Ltext47                                     text47       000000
__Ltext48                                     text48       000000
__Ltext49                                     text49       000000
__Ltext5                                      text5        000000
__Ltext50                                     text50       000000
__Ltext51                                     text51       000000
__Ltext52                                     text52       000000
__Ltext53                                     text53       000000
__Ltext54                                     text54       000000
__Ltext55                                     text55       000000
__Ltext56                                     text56       000000
__Ltext57                                     text57       000000
__Ltext58                                     text58       000000
__Ltext59                                     text59       000000
__Ltext6                                      text6        000000
__Ltext60                                     text60       000000
__Ltext61                                     text61       000000
__Ltext62                                     text62       000000
__Ltext63                                     text63       000000
__Ltext64                                     text64       000000
__Ltext65                                     text65       000000
__Ltext66                                     text66       000000
__Ltext67                                     text67       000000
__Ltext68                                     text68       000000
__Ltext69                                     text69       000000
__Ltext7                                      text7        000000
__Ltext70                                     text70       000000
__Ltext71                                     text71       000000
__Ltext72                                     text72       000000
__Ltext73                                     text73       000000
__Ltext74                                     text74       000000
__Ltext75                                     text75       000000
__Ltext76                                     text76       000000
__Ltext77                                     text77       000000
__Ltext78                                     text78       000000
__Ltext79                                     text79       000000
__Ltext8                                      text8        000000
__Ltext80                                     text80       000000
__Ltext81                                     text81       000000
__Ltext82                                     text82       000000
__Ltext83                                     text83       000000
__Ltext84                                     text84       000000
__Ltext85                                     text85       000000
__Ltext86                                     text86       000000
__Ltext87                                     text87       000000
__Ltext88                                     text88       000000
__Ltext89                                     text89       000000
__Ltext9                                      text9        000000
__Ltext90                                     text90       000000
__Ltext91                                     text91       000000
__Ltext92                                     text92       000000
__Ltext93                                     text93       000000
__Ltext94                                     text94       000000
__Ltext95                                     text95       000000
__Ltext96                                     text96       000000
__Ltext97                                     text97       000000
__Ltext98                                     text98       000000
__Ltext99                                     text99       000000
__S0                                          (abs)        30000E
__S1                                          (abs)        0001A3
__S2                                          (abs)        000000
___awdiv                                      text72       003D70
___awdiv@counter                              cstackCOMRAM 00001B
___awdiv@dividend                             cstackCOMRAM 000017
___awdiv@divisor                              cstackCOMRAM 000019
___awdiv@quotient                             cstackCOMRAM 00001D
___awdiv@sign                                 cstackCOMRAM 00001C
___awmod                                      text71       004154
___awmod@counter                              cstackCOMRAM 000041
___awmod@dividend                             cstackCOMRAM 00003D
___awmod@divisor                              cstackCOMRAM 00003F
___awmod@sign                                 cstackCOMRAM 000042
___awtoft                                     text22       004908
___awtoft@c                                   cstackCOMRAM 000019
___awtoft@sign                                cstackCOMRAM 00001C
___ftadd                                      text79       0025DC
___ftadd@exp1                                 cstackCOMRAM 000058
___ftadd@exp2                                 cstackCOMRAM 000057
___ftadd@f1                                   cstackCOMRAM 00004D
___ftadd@f2                                   cstackCOMRAM 000050
___ftadd@sign                                 cstackCOMRAM 000056
___ftdiv                                      text109      0036F0
___ftdiv@cntr                                 cstackCOMRAM 000037
___ftdiv@exp                                  cstackCOMRAM 00003B
___ftdiv@f1                                   cstackCOMRAM 00002E
___ftdiv@f2                                   cstackCOMRAM 000031
___ftdiv@f3                                   cstackCOMRAM 000038
___ftdiv@sign                                 cstackCOMRAM 00003C
___ftge                                       text81       003E06
___ftge@ff1                                   cstackCOMRAM 000011
___ftge@ff2                                   cstackCOMRAM 000014
___ftmul                                      text108      003252
___ftmul@cntr                                 cstackCOMRAM 00002C
___ftmul@exp                                  cstackCOMRAM 000028
___ftmul@f1                                   cstackCOMRAM 00001F
___ftmul@f2                                   cstackCOMRAM 000022
___ftmul@f3_as_product                        cstackCOMRAM 000029
___ftmul@sign                                 cstackCOMRAM 00002D
___ftneg                                      text80       004B72
___ftneg@f1                                   cstackCOMRAM 000011
___ftpack                                     text110      0038AE
___ftpack@arg                                 cstackCOMRAM 000011
___ftpack@exp                                 cstackCOMRAM 000014
___ftpack@sign                                cstackCOMRAM 000015
___ftsub                                      text78       00469E
___ftsub@f1                                   cstackBANK0  000080
___ftsub@f2                                   cstackBANK0  000083
___fttol                                      text107      003528
___fttol@exp1                                 cstackCOMRAM 00003C
___fttol@f1                                   cstackCOMRAM 00002E
___fttol@lval                                 cstackCOMRAM 000038
___fttol@sign1                                cstackCOMRAM 000037
___inthi_sp                                   stack        000000
___intlo_sp                                   stack        000000
___lbtoft                                     text106      004B4C
___lbtoft@c                                   cstackCOMRAM 00001C
___lldiv                                      text77       003FB8
___lldiv@counter                              cstackCOMRAM 00001D
___lldiv@dividend                             cstackCOMRAM 000011
___lldiv@divisor                              cstackCOMRAM 000015
___lldiv@quotient                             cstackCOMRAM 000019
___llmod                                      text76       0041D6
___llmod@counter                              cstackCOMRAM 000026
___llmod@dividend                             cstackCOMRAM 00001E
___llmod@divisor                              cstackCOMRAM 000022
___lltoft                                     text75       0043EC
___lltoft@c                                   cstackCOMRAM 000019
___lltoft@exp                                 cstackCOMRAM 000021
___param_bank                                 (abs)        000010
___rparam_used                                (abs)        000001
___sp                                         stack        000000
___wmul                                       text70       004AD8
___wmul@multiplicand                          cstackCOMRAM 000013
___wmul@multiplier                            cstackCOMRAM 000011
___wmul@product                               cstackCOMRAM 000015
__accesstop                                   (abs)        000080
__activetblptr                                (abs)        000002
__div_to_l_                                   text74       003148
__div_to_l_@cntr                              cstackCOMRAM 00001B
__div_to_l_@exp1                              cstackCOMRAM 00001C
__div_to_l_@f1                                cstackCOMRAM 000011
__div_to_l_@f2                                cstackCOMRAM 000014
__div_to_l_@quot                              cstackCOMRAM 000017
__end_of_Activate_Buzzer                      text113      004E86
__end_of_Activate_Buzzer_2KHz                 text100      004E62
__end_of_Activate_Buzzer_500Hz                text102      004E74
__end_of_DS1621_Init                          text87       004C9E
__end_of_DS1621_Read_Temp                     text58       004810
__end_of_DS3231_Read_Time                     text45       00438A
__end_of_DS3231_Write_Time                    text43       003CDA
__end_of_Deactivate_Buzzer                    text112      004F30
__end_of_Decrease_Duty_Cycle                  text103      004B4C
__end_of_Decrease_Fan_Temp                    text9        004DA2
__end_of_Decrease_Time                        text46       003AE0
__end_of_Do_Beep                              text104      004D2A
__end_of_Do_Beep_Bad                          text101      004D0E
__end_of_Do_Beep_Good                         text99       004CF2
__end_of_Do_Change_Fan_Timer_Mode_Minus       text98       004AD8
__end_of_Do_Change_Fan_Timer_Mode_Plus        text97       004AAE
__end_of_Do_Init                              text63       0044A8
__end_of_Do_Save_New_Fan_Temp                 text8        004DCC
__end_of_Do_Save_New_Time                     text32       004DE0
__end_of_Do_Setup_Time                        text12       002236
__end_of_Enable_INT_Interrupt                 text15       004F3E
__end_of_Exit_Setup_Fan_Temp                  text7        004E96
__end_of_Exit_Time_Setup                      text31       004EA6
__end_of_Go_Next_Field                        text29       004C60
__end_of_Go_Prev_Field                        text27       004C40
__end_of_I2C_Init                             text86       004F0E
__end_of_I2C_ReStart                          text62       004DB8
__end_of_I2C_Read                             text59       0047CC
__end_of_I2C_Start                            text92       004E50
__end_of_I2C_Stop                             text91       004E3E
__end_of_I2C_Write                            text90       004908
__end_of_I2C_Write_Cmd_Only                   text89       004D60
__end_of_I2C_Write_Cmd_Write_Data             text88       004C80
__end_of_INT0_isr                             text118      0025DC
__end_of_INT1_isr                             text117      004A5A
__end_of_INT2_isr                             text116      004A2E
__end_of_Increase_Duty_Cycle                  text11       0049A6
__end_of_Increase_Fan_Temp                    text6        004D8C
__end_of_Increase_Time                        text26       003A2A
__end_of_Init_ADC                             text85       004EE2
__end_of_Init_Interrupt                       text84       004BBA
__end_of_Init_UART                            text82       004E08
__end_of_Initialize_Screen                    text33       001B0A
__end_of_Initialize_Setup_Fan_Screen          text5        003528
__end_of_Initialize_Setup_Time_Screen         text25       002F28
__end_of_LCD_Reset                            text41       004E1A
__end_of_Monitor_Fan                          text23       0045FE
__end_of_OpenUSART                            text83       0042B6
__end_of_Rcmd1                                text40       003038
__end_of_Rcmd2red                             text39       00488C
[...]
		None               void
 Registers used:
		wreg, status,2
 Tracked objects:
		On entry : 
		On exit  : 
		Unchanged: 
 Data sizes:     COMRAM   BANK0   BANK1   BANK2   BANK3   BANK4   BANK5   BANK6   BANK7   BANK8   BANK9  BANK10  BANK11  BANK12  BANK13  BANK14  BANK15
      Params:         0       0       0       0       0       0       0       0       0       0       0       0       0       0       0       0       0
      Locals:         0       0       0       0       0       0       0       0       0       0       0       0       0       0       0       0       0
      Temps:          0       0       0       0       0       0       0       0       0       0       0       0       0       0       0       0       0
      Totals:         0       0       0       0       0       0       0       0       0       0       0       0       0       0       0       0       0
Total ram usage:        0 bytes
 Hardware stack levels used:    1
 Hardware stack levels required when called:    3
 This function calls:
		Nothing
 This function is called by:
		_Do_Beep
 This function uses a non-reentrant model


 *************** function _chkisr *****************
 Defined at:
		line 47 in file "../Interrupt.c"
 Parameters:    Size  Location     Type
		None
 Auto vars:     Size  Location     Type
		None
 Return value:  Size  Location     Type
		None               void
 Registers used:
		wreg, status,2, status,0, cstack
 Tracked objects:
		On entry : 
		On exit  : 
		Unchanged: 
 Data sizes:     COMRAM   BANK0   BANK1   BANK2   BANK3   BANK4   BANK5   BANK6   BANK7   BANK8   BANK9  BANK10  BANK11  BANK12  BANK13  BANK14  BANK15
      Params:         0       0       0       0       0       0       0       0       0       0       0       0       0       0       0       0       0
      Locals:         0       0       0       0       0       0       0       0       0       0       0       0       0       0       0       0       0
      Temps:         14       0       0       0       0       0       0       0       0       0       0       0       0       0       0       0       0
      Totals:        14       0       0       0       0       0       0       0       0       0       0       0       0       0       0       0       0
Total ram usage:       14 bytes
 Hardware stack levels used:    1
 Hardware stack levels required when called:    2
 This function calls:
		_INT0_isr
		_INT1_isr
		_INT2_isr
		_TIMER1_isr
 This function is called by:
		Interrupt level 2
 This function uses a non-reentrant model


 *************** function _TIMER1_isr *****************
 Defined at:
		line 55 in file "../Interrupt.c"
 Parameters:    Size  Location     Type
		None
 Auto vars:     Size  Location     Type
		None
 Return value:  Size  Location     Type
		None               void
 Registers used:
		wreg, status,2
 Tracked objects:
		On entry : 
		On exit  : 
		Unchanged: 
 Data sizes:     COMRAM   BANK0   BANK1   BANK2   BANK3   BANK4   BANK5   BANK6   BANK7   BANK8   BANK9  BANK10  BANK11  BANK12  BANK13  BANK14  BANK15
      Params:         0       0       0       0       0       0       0       0       0       0       0       0       0       0       0       0       0
      Locals:         0       0       0       0       0       0       0       0       0       0       0       0       0       0       0       0       0
      Temps:          0       0       0       0       0       0       0       0       0       0       0       0       0       0       0       0       0
      Totals:         0       0       0       0       0       0       0       0       0       0       0       0       0       0       0       0       0
Total ram usage:        0 bytes
 Hardware stack levels used:    1
 This function calls:
		Nothing
 This function is called by:
		_chkisr
 This function uses a non-reentrant model


 *************** function _INT2_isr *****************
 Defined at:
		line 189 in file "../Interrupt.c"
 Parameters:    Size  Location     Type
		None
 Auto vars:     Size  Location     Type
  k               2    0[COMRAM] int 
 Return value:  Size  Location     Type
		None               void
 Registers used:
		wreg, status,2, status,0
 Tracked objects:
		On entry : 
		On exit  : 
		Unchanged: 
 Data sizes:     COMRAM   BANK0   BANK1   BANK2   BANK3   BANK4   BANK5   BANK6   BANK7   BANK8   BANK9  BANK10  BANK11  BANK12  BANK13  BANK14  BANK15
      Params:         0       0       0       0       0       0       0       0       0       0       0       0       0       0       0       0       0
      Locals:         2       0       0       0       0       0       0       0       0       0       0       0       0       0       0       0       0
      Temps:          0       0       0       0       0       0       0       0       0       0       0       0       0       0       0       0       0
      Totals:         2       0       0       0       0       0       0       0       0       0       0       0       0       0       0       0       0
Total ram usage:        2 bytes
 Hardware stack levels used:    1
 This function calls:
		Nothing
 This function is called by:
		_chkisr
 This function uses a non-reentrant model


 *************** function _INT1_isr *****************
 Defined at:
		line 181 in file "../Interrupt.c"
 Parameters:    Size  Location     Type
		None
 Auto vars:     Size  Location     Type
  k               2    0[COMRAM] int 
 Return value:  Size  Location     Type
		None               void
 Registers used:
		wreg, status,2, status,0
 Tracked objects:
		On entry : 
		On exit  : 
		Unchanged: 
 Data sizes:     COMRAM   BANK0   BANK1   BANK2   BANK3   BANK4   BANK5   BANK6   BANK7   BANK8   BANK9  BANK10  BANK11  BANK12  BANK13  BANK14  BANK15
      Params:         0       0       0       0       0       0       0       0       0       0       0       0       0       0       0       0       0
      Locals:         2       0       0       0       0       0       0       0       0       0       0       0       0       0       0       0       0
      Temps:          0       0       0       0       0       0       0       0       0       0       0       0       0       0       0       0       0
      Totals:         2       0       0       0       0       0       0       0       0       0       0       0       0       0       0       0       0
Total ram usage:        2 bytes
 Hardware stack levels used:    1
 This function calls:
		Nothing
 This function is called by:
		_chkisr
 This function uses a non-reentrant model


 *************** function _INT0_isr *****************
 Defined at:
		line 70 in file "../Interrupt.c"
 Parameters:    Size  Location     Type
		None
 Auto vars:     Size  Location     Type
		None
 Return value:  Size  Location     Type
		None               void
 Registers used:
		wreg, status,2, status,0, cstack
 Tracked objects:
		On entry : 
		On exit  : 
		Unchanged: 
 Data sizes:     COMRAM   BANK0   BANK1   BANK2   BANK3   BANK4   BANK5   BANK6   BANK7   BANK8   BANK9  BANK10  BANK11  BANK12  BANK13  BANK14  BANK15
      Params:         0       0       0       0       0       0       0       0       0       0       0       0       0       0       0       0       0
      Locals:         0       0       0       0       0       0       0       0       0       0       0       0       0       0       0       0       0
      Temps:          2       0       0       0       0       0       0       0       0       0       0       0       0       0       0       0       0
      Totals:         2       0       0       0       0       0       0       0       0       0       0       0       0       0       0       0       0
Total ram usage:        2 bytes
 Hardware stack levels used:    1
 Hardware stack levels required when called:    1
 This function calls:
		_force_nec_state0
 This function is called by:
		_chkisr
 This function uses a non-reentrant model


 *************** function _force_nec_state0 *****************
 Defined at:
		line 63 in file "../Interrupt.c"
 Parameters:    Size  Location     Type
		None
 Auto vars:     Size  Location     Type
		None
 Return value:  Size  Location     Type
		None               void
 Registers used:
		wreg, status,2
 Tracked objects:
		On entry : 
		On exit  : 
		Unchanged: 
 Data sizes:     COMRAM   BANK0   BANK1   BANK2   BANK3   BANK4   BANK5   BANK6   BANK7   BANK8   BANK9  BANK10  BANK11  BANK12  BANK13  BANK14  BANK15
      Params:         0       0       0       0       0       0       0       0       0       0       0       0       0       0       0       0       0
      Locals:         0       0       0       0       0       0       0       0       0       0       0       0       0       0       0       0       0
      Temps:          0       0       0       0       0       0       0       0       0       0       0       0       0       0       0       0       0
      Totals:         0       0       0       0       0       0       0       0       0       0       0       0       0       0       0       0       0
Total ram usage:        0 bytes
 Hardware stack levels used:    1
 This function calls:
		Nothing
 This function is called by:
		_INT0_isr
 This function uses a non-reentrant model



MODULE INFORMATION

Module		Function		Class		Link	Load	Size
C:\Program Files (x86)\Microchip\xc8\v1.34\sources\common\ftge.c
		___ftge        		CODE           	3E06	0000	151

C:\Program Files (x86)\Microchip\xc8\v1.34\sources\common\ftge.c estimated size: 151

C:\Program Files (x86)\Microchip\xc8\v1.34\sources\common\ftdivl.c
		__tdiv_to_l_   		CODE           	3038	0000	273

C:\Program Files (x86)\Microchip\xc8\v1.34\sources\common\ftdivl.c estimated size: 273

../Interrupt.c
		_INT2_isr      		CODE           	4A02	0000	45
		_TIMER1_isr    		CODE           	4EEE	0000	13
		_Init_Interrupt		CODE           	4B96	0000	37
		_Enable_INT_Int		CODE           	4F38	0000	7
		_force_nec_stat		CODE           	4F30	0000	9
		_INT0_isr      		CODE           	2410	0000	461
		_INT1_isr      		CODE           	4A2E	0000	45
		_chkisr        		CODE           	0008	0000	161

../Interrupt.c estimated size: 778

C:\Program Files (x86)\Microchip\xc8\v1.34\sources\common\ftneg.c
		___ftneg       		CODE           	4B72	0000	37

C:\Program Files (x86)\Microchip\xc8\v1.34\sources\common\ftneg.c estimated size: 37

C:\Program Files (x86)\Microchip\xc8\v1.34\sources\common\fldivl.c
		__div_to_l_    		CODE           	3148	0000	267

C:\Program Files (x86)\Microchip\xc8\v1.34\sources\common\fldivl.c estimated size: 267

C:\Program Files (x86)\Microchip\xc8\v1.34\sources\common\ftsub.c
		___ftsub       		CODE           	469E	0000	81

C:\Program Files (x86)\Microchip\xc8\v1.34\sources\common\ftsub.c estimated size: 81

C:\Program Files (x86)\Microchip\xc8\v1.34\sources\common\float.c
		___ftpack      		CODE           	38AE	0000	199

C:\Program Files (x86)\Microchip\xc8\v1.34\sources\common\float.c estimated size: 199

C:\Program Files (x86)\Microchip\xc8\v1.34\sources\pic18\plib\USART\uopen.c
		_OpenUSART     		CODE           	4246	0000	113

C:\Program Files (x86)\Microchip\xc8\v1.34\sources\pic18\plib\USART\uopen.c estimated size: 113

../I2C_Soft.c
		_i2cLowSda     		CODE           	4F0E	0000	11
		_i2cLowScl     		CODE           	4F18	0000	9
		_I2C_Write_Cmd_		CODE           	4D46	0000	27
		_I2C_Write     		CODE           	48CA	0000	63
		_I2C_Write_Cmd_		CODE           	4C60	0000	33
		_I2C_Stop      		CODE           	4E2C	0000	19
		_I2C_Read      		CODE           	4784	0000	73
		_i2cNack       		CODE           	4EFA	0000	11
		_I2C_Init      		CODE           	4F04	0000	11
		_i2cHighSda    		CODE           	4F20	0000	9
		_i2cHighScl    		CODE           	4EE2	0000	13
		_I2C_Start     		CODE           	4E3E	0000	19
		_i2cAck        		CODE           	4E1A	0000	19
		_I2C_ReStart   		CODE           	4DA2	0000	23

../I2C_Soft.c estimated size: 340

C:\Program Files (x86)\Microchip\xc8\v1.34\sources\common\awmod.c
		___awmod       		CODE           	4154	0000	131

C:\Program Files (x86)\Microchip\xc8\v1.34\sources\common\awmod.c estimated size: 131

../Setup_Fan_Temp.c
		_Decrease_Fan_T		CODE           	4D8C	0000	23
		_Increase_Fan_T		CODE           	4D76	0000	23
		_Exit_Setup_Fan		CODE           	4E86	0000	17
		_Setup_Fan_Temp		CODE           	2236	0000	475
		_Do_Save_New_Fa		CODE           	4DB8	0000	21
		_Update_Setup_F		CODE           	3CDA	0000	151
		_Initialize_Set		CODE           	343C	0000	237

../Setup_Fan_Temp.c estimated size: 947

C:\Program Files (x86)\Microchip\xc8\v1.34\sources\common\llmod.c
		___llmod       		CODE           	41D6	0000	113

C:\Program Files (x86)\Microchip\xc8\v1.34\sources\common\llmod.c estimated size: 113

C:\Program Files (x86)\Microchip\xc8\v1.34\sources\common\awtoft.c
		___awtoft      		CODE           	4908	0000	61

C:\Program Files (x86)\Microchip\xc8\v1.34\sources\common\awtoft.c estimated size: 61

../ST7735_TFT.c
		_drawChar      		CODE           	2C92	0000	343
		_fillScreen    		CODE           	4C9E	0000	29
		_Rcmd3         		CODE           	334A	0000	243
		_write_data    		CODE           	4EA6	0000	17
		_setAddrWindow 		CODE           	4556	0000	87
		_drawtext      		CODE           	360E	0000	227
		_fillRect      		CODE           	473A	0000	75
		_LCD_Reset     		CODE           	4E08	0000	19
		_drawPixel     		CODE           	49A6	0000	49
		_fillRectangle 		CODE           	37D2	0000	221
		_write_command 		CODE           	4EB6	0000	17
		_drawFastVLine 		CODE           	40CC	0000	137
		_Rcmd2red      		CODE           	484E	0000	63
		_TFT_GreenTab_I		CODE           	49D6	0000	45
		_delay_ms      		CODE           	4500	0000	87
		_Rcmd1         		CODE           	2F28	0000	273
		_spiwrite      		CODE           	4DE0	0000	21

../ST7735_TFT.c estimated size: 1953

C:\Program Files (x86)\Microchip\xc8\v1.34\sources\common\lbtoft.c
		___lbtoft      		CODE           	4B4C	0000	39

C:\Program Files (x86)\Microchip\xc8\v1.34\sources\common\lbtoft.c estimated size: 39

../Main.c
		_Set_D1_RGB    		CODE           	464E	0000	81
		_main          		CODE           	1B0A	0000	695
		_Do_Init       		CODE           	444C	0000	93
		_Set_D2_RGB    		CODE           	46EE	0000	77
		_Set_D3_RGB    		CODE           	45FE	0000	81

../Main.c estimated size: 1027

C:\Program Files (x86)\Microchip\xc8\v1.34\sources\common\ftmul.c
		___ftmul       		CODE           	3252	0000	249

C:\Program Files (x86)\Microchip\xc8\v1.34\sources\common\ftmul.c estimated size: 249

C:\Program Files (x86)\Microchip\xc8\v1.34\sources\common\isdigit.c
		_isdigit       		CODE           	4BFE	0000	35

C:\Program Files (x86)\Microchip\xc8\v1.34\sources\common\isdigit.c estimated size: 35

../Fan_Support.c
		_get_duty_cycle		CODE           	4044	0000	137
		_Turn_On_Fan   		CODE           	4BDC	0000	35
		_get_RPM       		CODE           	4810	0000	63
		_Toggle_Fan    		CODE           	4D60	0000	23
		_Turn_Off_Fan  		CODE           	4CBA	0000	29
		_Monitor_Fan   		CODE           	45AC	0000	83
		_Decrease_Duty_		CODE           	4B26	0000	39
		_Do_Change_Fan_		CODE           	4A84	0000	43
		_Do_Change_Fan_		CODE           	4AAE	0000	43
		_Increase_Duty_		CODE           	4976	0000	49

../Fan_Support.c estimated size: 544

../I2C_Support.c
		_DS3231_Read_Ti		CODE           	4324	0000	103
		_DS1621_Init   		CODE           	4C80	0000	31
		_DS3231_Write_T		CODE           	3C40	0000	155
		_DS1621_Read_Te		CODE           	47CC	0000	69

../I2C_Support.c estimated size: 358

C:\Program Files (x86)\Microchip\xc8\v1.34\sources\common\strlen.c
		_strlen        		CODE           	488C	0000	63

C:\Program Files (x86)\Microchip\xc8\v1.34\sources\common\strlen.c estimated size: 63

C:\Program Files (x86)\Microchip\xc8\v1.34\sources\common\ftdiv.c
		___ftdiv       		CODE           	36F0	0000	227

C:\Program Files (x86)\Microchip\xc8\v1.34\sources\common\ftdiv.c estimated size: 227

C:\Program Files (x86)\Microchip\xc8\v1.34\sources\common\lltoft.c
		___lltoft      		CODE           	43EC	0000	97

C:\Program Files (x86)\Microchip\xc8\v1.34\sources\common\lltoft.c estimated size: 97

shared
		__powers_      		MEDIUMCONST    	FE23	0000	40
		_font          		MEDIUMCONST    	FBF9	0000	256
		_dpowers       		MEDIUMCONST    	FDD4	0000	41
		__npowers_     		MEDIUMCONST    	FDFC	0000	40
		__initializatio		CODE           	438A	0000	89
		_hexpowers     		MEDIUMCONST    	FE4A	0000	33
		_font2         		MEDIUMCONST    	FCF8	0000	221

shared estimated size: 720

C:\Program Files (x86)\Microchip\xc8\v1.34\sources\common\strcpy.c
		_strcpy        		CODE           	4944	0000	51

C:\Program Files (x86)\Microchip\xc8\v1.34\sources\common\strcpy.c estimated size: 51

C:\Program Files (x86)\Microchip\xc8\v1.34\sources\common\awdiv.c
		___awdiv       		CODE           	3D70	0000	151

C:\Program Files (x86)\Microchip\xc8\v1.34\sources\common\awdiv.c estimated size: 151

../Main_Screen.c
		_Update_Screen 		CODE           	0C60	0000	1833
		_Initialize_Scr		CODE           	1768	0000	931

../Main_Screen.c estimated size: 2764

C:\Program Files (x86)\Microchip\xc8\v1.34\sources\common\lldiv.c
		___lldiv       		CODE           	3FB8	0000	141

C:\Program Files (x86)\Microchip\xc8\v1.34\sources\common\lldiv.c estimated size: 141

C:\Program Files (x86)\Microchip\xc8\v1.34\sources\common\doprnt.c
		_scale         		CODE           	1388	0000	993
		_printf        		CODE           	001C	0000	3141
		_fround        		CODE           	1DC0	0000	581

C:\Program Files (x86)\Microchip\xc8\v1.34\sources\common\doprnt.c estimated size: 4715

../utils.c
		_Init_UART     		CODE           	4DF4	0000	21
		_Do_Beep       		CODE           	4D0E	0000	29
		_Do_Beep_Bad   		CODE           	4CF2	0000	29
		_putch         		CODE           	4EC6	0000	15
		_Do_Beep_Good  		CODE           	4CD6	0000	29
		_Read_Volt     		CODE           	42B6	0000	111
		_Init_ADC      		CODE           	4ED4	0000	15
		_do_update_pwm 		CODE           	3AE0	0000	183
		_Activate_Buzze		CODE           	4E50	0000	19
		_Deactivate_Buz		CODE           	4F28	0000	9
		_Activate_Buzze		CODE           	4E62	0000	19
		_check_for_butt		CODE           	3B96	0000	171
		_dec_2_bcd     		CODE           	44A8	0000	89
		_Wait_Half_Sec 		CODE           	4D2A	0000	29
		_get_full_ADC  		CODE           	4B00	0000	39
		_bcd_2_dec     		CODE           	4A5A	0000	43
		_Activate_Buzze		CODE           	4E74	0000	19

../utils.c estimated size: 869

C:\Program Files (x86)\Microchip\xc8\v1.34\sources\common\fttol.c
		___fttol       		CODE           	3528	0000	231

C:\Program Files (x86)\Microchip\xc8\v1.34\sources\common\fttol.c estimated size: 231

C:\Program Files (x86)\Microchip\xc8\v1.34\sources\common\Umul16.c
		___wmul        		CODE           	4AD8	0000	41

C:\Program Files (x86)\Microchip\xc8\v1.34\sources\common\Umul16.c estimated size: 41

C:\Program Files (x86)\Microchip\xc8\v1.34\sources\common\ftadd.c
		___ftadd       		CODE           	25DC	0000	453

C:\Program Files (x86)\Microchip\xc8\v1.34\sources\common\ftadd.c estimated size: 453

../Setup_Time.c
		_Decrease_Time 		CODE           	3A2A	0000	183
		_Update_Setup_S		CODE           	27A0	0000	443
		_Update_Setup_T		CODE           	2B0E	0000	389
		_Do_Save_New_Ti		CODE           	4DCC	0000	21
		_Increase_Time 		CODE           	3974	0000	183
		_Do_Setup_Time 		CODE           	2004	0000	563
		_Update_Setup_S		CODE           	295A	0000	437
		_Initialize_Set		CODE           	2DE8	0000	321
		_Go_Next_Field 		CODE           	4C40	0000	33
		_Go_Prev_Field 		CODE           	4C20	0000	33
		_Exit_Time_Setu		CODE           	4E96	0000	17

../Setup_Time.c estimated size: 2623

