Microchip MPLAB XC8 Compiler V1.34 ()

Linker command line:

-W-3 --edf=C:\Program Files (x86)\Microchip\xc8\v1.34\dat\en_msgs.txt -cs \
  -h+dist/default/production\lab12.X.production.sym \
  --cmf=dist/default/production\lab12.X.production.cmf -z -Q18F4620 \
  -oC:\Users\julia\AppData\Local\Temp\srvc.6 \
  -Mdist/default/production/lab12.X.production.map -E1 -ver=XC8 \
  -ASTACK=019Dh-0f7fh -pstack=STACK -ACODE=00h-0FFFFh -ACONST=00h-0FFFFh \
  -ASMALLCONST=01000h-010FFhx240 -AMEDIUMCONST=01000h-0FFFFh \
  -ACOMRAM=01h-07Fh -AABS1=00h-0F7Fh -ABIGRAM=01h-0F7Fh \
  -ARAM=080h-0FFh,0100h-01FFhx14,0F00h-0F7Fh -ABANK0=080h-0FFh \
  -ABANK1=0100h-01FFh -ABANK2=0200h-02FFh -ABANK3=0300h-03FFh \
  -ABANK4=0400h-04FFh -ABANK5=0500h-05FFh -ABANK6=0600h-06FFh \
  -ABANK7=0700h-07FFh -ABANK8=0800h-08FFh -ABANK9=0900h-09FFh \
  -ABANK10=0A00h-0AFFh -ABANK11=0B00h-0BFFh -ABANK12=0C00h-0CFFh \
  -ABANK13=0D00h-0DFFh -ABANK14=0E00h-0EFFh -ABANK15=0F00h-0F7Fh \
  -ASFR=0F80h-0FFFh \
  -preset_vec=00h,intcode=08h,intcodelo,powerup,init,end_init \
  -pramtop=01000h -psmallconst=SMALLCONST -pmediumconst=MEDIUMCONST \
  -pconst=CONST -AFARRAM=00h-00h -ACONFIG=0300000h-030000Dh -pconfig=CONFIG \
  -AIDLOC=0200000h-0200007h -pidloc=IDLOC -AEEDATA=0F00000h-0F003FFh \
  -peeprom_data=EEDATA \
  -prdata=COMRAM,nvrram=COMRAM,nvbit=COMRAM,rbss=COMRAM,rbit=COMRAM \
  -pfarbss=FARRAM,fardata=FARRAM,nvFARRAM=FARRAM \
  -pintsave_regs=BIGRAM,bigbss=BIGRAM,bigdata=BIGRAM -pbss=RAM \
  -pidata=CODE,irdata=CODE,ibigdata=CODE,ifardata=CODE -prparam=COMRAM \
  C:\Users\julia\AppData\Local\Temp\srvc.obj \
  dist/default/production\lab12.X.production.obj 

Object code version is 3.11

Machine type is 18F4620

Call graph: (short form)




                Name                               Link     Load   Length Selector   Space Scale
C:\Users\julia\AppData\Local\Temp\srvc.obj
                end_init                             18       18        4        4       0
                reset_vec                             0        0        4        0       0
                idloc                            200000   200000        8   200000       0
                config                           300000   300000        E   300000       0
dist/default/production\lab12.X.production.obj
                intcode                               8        8       10        4       0
                mediumconst                        FD72     FD72      28E     7EB9       0
                text75                             2086     2086        8      C0D       0
                text74                              838      838      17A        4       0
                text73                             2030     2030        C      C0D       0
                intcode_body                       16B0     16B0       7C        4       0
                text71                             2024     2024        C      C0D       0
                text70                             207E     207E        8      C0D       0
                text69                             2076     2076        8      C0D       0
                text68                             2064     2064        A      C0D       0
                text67                             1FD4     1FD4       12      C0D       0
                text66                             1FC2     1FC2       12      C0D       0
                text65                             1CC6     1CC6       3E      C0D       0
                text64                             1EF6     1EF6       1A      C0D       0
                text63                             1E82     1E82       20      C0D       0
                text62                             1EA2     1EA2       1E      C0D       0
                text61                             1F28     1F28       16      C0D       0
                text60                             1FB0     1FB0       12      C0D       0
                text59                             205A     205A        A      C0D       0
                text58                             1B84     1B84       48      C0D       0
                text57                             1D04     1D04       3C      C0D       0
                text56                             18F0     18F0       64      C0D       0
                text55                             188A     188A       66      C0D       0
                text54                             1F9E     1F9E       12      C0D       0
                text53                             206E     206E        8      C0D       0
                text52                             1EDC     1EDC       1A      C0D       0
                text51                             2050     2050        A      C0D       0
                text50                             1F8C     1F8C       12      C0D       0
                text49                             12E8     12E8       C6        4       0
                text48                             112A     112A       E2        4       0
                text47                              E5A      E5A       F8        4       0
                text46                             1044     1044       E6        4       0
                text45                             1DF4     1DF4       26      C0D       0
                text44                             13AE     13AE       B6        4       0
                text43                             1E60     1E60       22      C0D       0
                text42                             208E     208E        6      C0D       0
                text41                             2046     2046        A      C0D       0
                text40                             1E1A     1E1A       24      C0D       0
                text39                             1F10     1F10       18      C0D       0
                text38                             181A     181A       70      C0D       0
                text37                             1F66     1F66       14      C0D       0
                text36                             1DCC     1DCC       28      C0D       0
                text35                             1A02     1A02       52      C0D       0
                text34                             1F7A     1F7A       12      C0D       0
                text33                             1F52     1F52       14      C0D       0
                text32                             2006     2006       10      C0D       0
                text31                             1FF6     1FF6       10      C0D       0
                text30                              C40      C40      110        4       0
                text29                             1C88     1C88       3E      C0D       0
                text28                              F52      F52       F2        4       0
                text27                             1DA2     1DA2       2A      C0D       0
                text26                             1A54     1A54       4E      C0D       0
                text25                             1D72     1D72       30      C0D       0
                text24                             15AA     15AA       88        4       0
                text23                             1B3A     1B3A       4A      C0D       0
                text22                              9B2      9B2      156        4       0
                text21                             1C4A     1C4A       3E      C0D       0
                text20                              D50      D50      10A        4       0
                text19                             120C     120C       DC        4       0
                text18                             1EC0     1EC0       1C      C0D       0
                text17                             1D40     1D40       32      C0D       0
                text16                             1464     1464       B0        4       0
                text15                             1514     1514       96        4       0
                text14                             1BCC     1BCC       40      C0D       0
                text13                             1AEE     1AEE       4C      C0D       0
                text12                             203C     203C        A      C0D       0
                text11                             1FE6     1FE6       10      C0D       0
                text10                             1F3E     1F3E       14      C0D       0
                text9                               68A      68A      1AE        4       0
                text8                               B08      B08      138        4       0
                text7                              19B0     19B0       52      C0D       0
                text6                              1C0C     1C0C       3E      C0D       0
                text5                              1954     1954       5C      C0D       0
                text4                              1AA2     1AA2       4C      C0D       0
                text3                              1E3E     1E3E       22      C0D       0
                text2                              2016     2016        E      C0D       0
                text1                                1C       1C      35A        4       0
                text0                               376      376      314        4       0
                cstackCOMRAM                          1        1       44        1       1
                cstackBANK0                          F3       F3        D       80       1
                dataBANK1                           100      100       7E      100       1
                bssBANK1                            17E      17E       1F      100       1
                dataBANK0                            80       80       73       80       1
                dataCOMRAM                           6D       6D        2        1       1
                bssCOMRAM                            45       45       28        1       1
                cinit                              172C     172C       7A        4       0
                idataBANK1                         1632     1632       7E        4       0
                idataBANK0                         17A6     17A6       73        4       0
                idataCOMRAM                        2094     2094        2      C0D       0

TOTAL           Name                               Link     Load   Length     Space
        CLASS   STACK          

        CLASS   CODE           
                end_init                             18       18        4         0
                intcode                               8        8       10         0
                reset_vec                             0        0        4         0
                text75                             2086     2086        8         0
                text74                              838      838      17A         0
                text73                             2030     2030        C         0
                intcode_body                       16B0     16B0       7C         0
                text71                             2024     2024        C         0
                text70                             207E     207E        8         0
                text69                             2076     2076        8         0
                text68                             2064     2064        A         0
                text67                             1FD4     1FD4       12         0
                text66                             1FC2     1FC2       12         0
                text65                             1CC6     1CC6       3E         0
                text64                             1EF6     1EF6       1A         0
                text63                             1E82     1E82       20         0
                text62                             1EA2     1EA2       1E         0
                text61                             1F28     1F28       16         0
                text60                             1FB0     1FB0       12         0
                text59                             205A     205A        A         0
                text58                             1B84     1B84       48         0
                text57                             1D04     1D04       3C         0
                text56                             18F0     18F0       64         0
                text55                             188A     188A       66         0
                text54                             1F9E     1F9E       12         0
                text53                             206E     206E        8         0
                text52                             1EDC     1EDC       1A         0
                text51                             2050     2050        A         0
                text50                             1F8C     1F8C       12         0
                text49                             12E8     12E8       C6         0
                text48                             112A     112A       E2         0
                text47                              E5A      E5A       F8         0
                text46                             1044     1044       E6         0
                text45                             1DF4     1DF4       26         0
                text44                             13AE     13AE       B6         0
                text43                             1E60     1E60       22         0
                text42                             208E     208E        6         0
                text41                             2046     2046        A         0
                text40                             1E1A     1E1A       24         0
                text39                             1F10     1F10       18         0
                text38                             181A     181A       70         0
                text37                             1F66     1F66       14         0
                text36                             1DCC     1DCC       28         0
                text35                             1A02     1A02       52         0
                text34                             1F7A     1F7A       12         0
                text33                             1F52     1F52       14         0
                text32                             2006     2006       10         0
                text31                             1FF6     1FF6       10         0
                text30                              C40      C40      110         0
                text29                             1C88     1C88       3E         0
                text28                              F52      F52       F2         0
                text27                             1DA2     1DA2       2A         0
                text26                             1A54     1A54       4E         0
                text25                             1D72     1D72       30         0
                text24                             15AA     15AA       88         0
                text23                             1B3A     1B3A       4A         0
                text22                              9B2      9B2      156         0
                text21                             1C4A     1C4A       3E         0
                text20                              D50      D50      10A         0
                text19                             120C     120C       DC         0
                text18                             1EC0     1EC0       1C         0
                text17                             1D40     1D40       32         0
                text16                             1464     1464       B0         0
                text15                             1514     1514       96         0
                text14                             1BCC     1BCC       40         0
                text13                             1AEE     1AEE       4C         0
                text12                             203C     203C        A         0
                text11                             1FE6     1FE6       10         0
                text10                             1F3E     1F3E       14         0
                text9                               68A      68A      1AE         0
                text8                               B08      B08      138         0
                text7                              19B0     19B0       52         0
                text6                              1C0C     1C0C       3E         0
                text5                              1954     1954       5C         0
                text4                              1AA2     1AA2       4C         0
                text3                              1E3E     1E3E       22         0
                text2                              2016     2016        E         0
                text1                                1C       1C      35A         0
                text0                               376      376      314         0
                cinit                              172C     172C       7A         0
                idataBANK1                         1632     1632       7E         0
                idataBANK0                         17A6     17A6       73         0
                idataCOMRAM                        2094     2094        2         0

        CLASS   CONST          

        CLASS   SMALLCONST     

        CLASS   MEDIUMCONST    
                mediumconst                        FD72     FD72      28E         0

        CLASS   COMRAM         
                cstackCOMRAM                          1        1       44         1
                dataCOMRAM                           6D       6D        2         1
                bssCOMRAM                            45       45       28         1

        CLASS   ABS1           

        CLASS   BIGRAM         

        CLASS   RAM            

        CLASS   BANK0          
                cstackBANK0                          F3       F3        D         1
                dataBANK0                            80       80       73         1

        CLASS   BANK1          
                dataBANK1                           100      100       7E         1
                bssBANK1                            17E      17E       1F         1

        CLASS   BANK2          

        CLASS   BANK3          

        CLASS   BANK4          

        CLASS   BANK5          

        CLASS   BANK6          

        CLASS   BANK7          

        CLASS   BANK8          

        CLASS   BANK9          

        CLASS   BANK10         

        CLASS   BANK11         

        CLASS   BANK12         

        CLASS   BANK13         

        CLASS   BANK14         

        CLASS   BANK15         

        CLASS   SFR            

        CLASS   FARRAM         

        CLASS   CONFIG         
                config                           300000   300000        E         0

        CLASS   IDLOC          
                idloc                            200000   200000        8         0

        CLASS   EEDATA         



SEGMENTS        Name                           Load    Length   Top    Selector   Space  Class

                reset_vec                      000000  000004  000004         0       0  CODE    
                cstackCOMRAM                   000001  00006E  00006F         1       1  COMRAM  
                intcode                        000008  001811  001819         4       0  CODE    
                dataBANK0                      000080  000080  000100        80       1  BANK0   
                dataBANK1                      000100  00009D  00019D       100       1  BANK1   
                text38                         00181A  00087C  002096       C0D       0  CODE    
                mediumconst                    00FD72  00028E  010000      7EB9       0  MEDIUMCO
                idloc                          200000  000008  200008    200000       0  IDLOC   
                config                         300000  00000E  30000E    300000       0  CONFIG  


UNUSED ADDRESS RANGES

        Name                Unused          Largest block    Delta
        BANK1            00019D-0001FF               63
        BANK10           000A00-000AFF              100
        BANK11           000B00-000BFF              100
        BANK12           000C00-000CFF              100
        BANK13           000D00-000DFF              100
        BANK14           000E00-000EFF              100
        BANK15           000F00-000F7F               80
        BANK2            000200-0002FF              100
        BANK3            000300-0003FF              100
        BANK4            000400-0004FF              100
        BANK5            000500-0005FF              100
        BANK6            000600-0006FF              100
        BANK7            000700-0007FF              100
        BANK8            000800-0008FF              100
        BANK9            000900-0009FF              100
        BIGRAM           00006F-00007F               11
                         00019D-000F7F              DE3
        CODE             000004-000007                4
                         001819-001819                1
                         002096-00FD71             DCDC
        COMRAM           00006F-00007F               11
        CONST            000004-000007                4
                         001819-001819                1
                         002096-00FD71             DCDC
        EEDATA           F00000-F003FF              400
        MEDIUMCONST      001819-001819                1
                         002096-00FD71             DCDC
        RAM              00019D-000F7F              100
        SFR              000F80-000FFF               80
        SMALLCONST       001819-001819                1
                         002096-00FD71              100
        STACK            00019D-000F7F              DE3

                                  Symbol Table

?_DS1621_Read_Temp                 cstackCOMRAM 000014
?___awdiv                          cstackCOMRAM 000017
?___ftdiv                          cstackCOMRAM 00002C
?___ftmul                          cstackCOMRAM 00001D
?___ftpack                         cstackCOMRAM 000011
?___fttol                          cstackCOMRAM 000011
?___lbtoft                         cstackCOMRAM 000019
?___lwdiv                          cstackCOMRAM 000011
?___lwmod                          cstackCOMRAM 000018
?___wmul                           cstackCOMRAM 000011
?_get_RPM                          cstackCOMRAM 00001F
?_printf                           cstackCOMRAM 00001D
?_strlen                           cstackCOMRAM 000011
DS1621_Init@Device                 cstackCOMRAM 000016
DS1621_Read_Temp@Cmd               cstackCOMRAM 000016
DS1621_Read_Temp@Data_Ret          cstackCOMRAM 000017
DS1621_Read_Temp@Device            cstackCOMRAM 000018
DS3231_Read_Time@Address           cstackCOMRAM 000014
DS3231_Read_Time@Device            cstackCOMRAM 000015
DS3231_Setup_Time@Address          cstackCOMRAM 000014
DS3231_Setup_Time@Device           cstackCOMRAM 000013
I2C_Init@c                         cstackCOMRAM 000011
I2C_Read@ack                       cstackCOMRAM 000011
I2C_Read@inByte                    cstackCOMRAM 000013
I2C_Read@n                         cstackCOMRAM 000012
I2C_Write@n                        cstackCOMRAM 000012
I2C_Write@outByte                  cstackCOMRAM 000011
I2C_Write_Cmd_Only@Cmd             cstackCOMRAM 000013
I2C_Write_Cmd_Only@Device          cstackCOMRAM 000014
I2C_Write_Cmd_Write_Data@Cmd       cstackCOMRAM 000013
I2C_Write_Cmd_Write_Data@Data_Out  cstackCOMRAM 000014
I2C_Write_Cmd_Write_Data@Device    cstackCOMRAM 000015
OpenUSART@config                   cstackCOMRAM 000013
OpenUSART@spbrg                    cstackCOMRAM 000011
Set_DC_RGB@duty_cycle              cstackCOMRAM 00001F
Set_DC_RGB@x                       cstackCOMRAM 000021
Set_RPM_RGB@rpm                    cstackCOMRAM 00001F
Set_RPM_RGB@y                      cstackCOMRAM 000022
_ADCON0                            (abs)        000FC2
_ADCON0bits                        (abs)        000FC2
_ADCON1                            (abs)        000FC1
_ADCON2                            (abs)        000FC0
_ADRESH                            (abs)        000FC4
_ADRESL                            (abs)        000FC3
_Activate_Buzzer                   text54       001F9E
_CCP1CON                           (abs)        000FBD
_CCP2CON                           (abs)        000FBA
_CCPR1L                            (abs)        000FBE
_CCPR2L                            (abs)        000FBB
_DS1621_Init                       text62       001EA2
_DS1621_Read_Temp                  text57       001D04
_DS3231_Read_Time                  text56       0018F0
_DS3231_Setup_Time                 text55       00188A
_Deactivate_Buzzer                 text53       00206E
_Decrease_Speed                    text43       001E60
_Do_Beep                           text50       001F8C
_Enable_INT_Interrupt              text42       00208E
_FAN                               bssCOMRAM    000051
_I2C_Init                          text41       002046
_I2C_ReStart                       text61       001F28
_I2C_Read                          text58       001B84
_I2C_Start                         text67       001FD4
_I2C_Stop                          text66       001FC2
_I2C_Write                         text65       001CC6
_I2C_Write_Cmd_Only                text64       001EF6
_I2C_Write_Cmd_Write_Data          text63       001E82
_INTCON2bits                       (abs)        000FF1
_INTCONbits                        (abs)        000FF2
_INTx_isr                          text74       000838
_Increase_Speed                    text40       001E1A
_Init_Interrupt                    text39       001F10
_Init_UART                         text37       001F66
_Initialize_LCD_Screen             text16       001464
_LCD_Reset                         text34       001F7A
_LED1                              dataBANK0    000080
_LED2                              dataBANK0    000095
_LED3                              dataBANK0    0000AA
_LED4                              dataBANK0    0000BF
_Nec_Button                        bssCOMRAM    000052
_Nec_OK                            bssCOMRAM    000049
_Nec_State                         bssCOMRAM    000053
_Nec_code                          bssCOMRAM    000045
_OSCCON                            (abs)        000FD3
_OpenUSART                         text38       00181A
_PIE1bits                          (abs)        000F9D
_PIR1bits                          (abs)        000F9E
_PIR2bits                          (abs)        000FA1
_PORTA                             (abs)        000F80
_PORTB                             (abs)        000F81
_PORTC                             (abs)        000F82
_PORTCbits                         (abs)        000F82
_PORTD                             (abs)        000F83
_PORTDbits                         (abs)        000F83
_PORTE                             (abs)        000F84
_PR2                               (abs)        000FCB
_RCSTA                             (abs)        000FAB
_RCSTAbits                         (abs)        000FAB
_Rcmd1                             text30       000C40
_Rcmd2red                          text29       001C88
_Rcmd3                             text28       000F52
_Reset_Nec_State                   text75       002086
_SPBRG                             (abs)        000FAF
_SPBRGH                            (abs)        000FB0
_SSPBUF                            (abs)        000FC9
_SSPCON1                           (abs)        000FC6
_SSPSTAT                           (abs)        000FC7
_SSPSTATbits                       (abs)        000FC7
_Set_DC_RGB                        text14       001BCC
_Set_RPM_RGB                       text13       001AEE
_T0CON                             (abs)        000FD5
_T0CONbits                         (abs)        000FD5
_T1CON                             (abs)        000FCD
_T1CONbits                         (abs)        000FCD
_T2CON                             (abs)        000FCA
_T3CON                             (abs)        000FB1
_T3CONbits                         (abs)        000FB1
_TFT_GreenTab_Initialize           text27       001DA2
_TIMER1_isr                        text73       002030
_TMR0H                             (abs)        000FD7
_TMR0L                             (abs)        000FD6
_TMR1H                             (abs)        000FCF
_TMR1L                             (abs)        000FCE
_TMR3L                             (abs)        000FB2
_TRISA                             (abs)        000F92
_TRISB                             (abs)        000F93
_TRISC                             (abs)        000F94
_TRISCbits                         (abs)        000F94
_TRISD                             (abs)        000F95
_TRISDbits                         (abs)        000F95
_TRISE                             (abs)        000F96
_TRMT                              (abs)        007D61
_TXREG                             (abs)        000FAD
_TXSTA                             (abs)        000FAC
_TXSTAbits                         (abs)        000FAC
_Time_Elapsed                      bssCOMRAM    00004B
_Timing_Txt                        dataBANK0    0000E9
_Toggle_Fan                        text10       001F3E
_Turn_Off_Fan                      text12       00203C
_Turn_On_Fan                       text11       001FE6
_Wait_Half_Second                  text52       001EDC
_Wait_One_Sec                      text51       002050
__CFG_BOREN$OFF                    (abs)        000000
__CFG_CCP2MX$PORTC                 (abs)        000000
__CFG_LVP$OFF                      (abs)        000000
__CFG_OSC$INTIO67                  (abs)        000000
__CFG_WDT$OFF                      (abs)        000000
__HRAM                             (abs)        000000
__Habs1                            abs1         000000
__Hbank0                           bank0        000000
__Hbank1                           bank1        000000
__Hbank10                          bank10       000000
__Hbank11                          bank11       000000
__Hbank12                          bank12       000000
__Hbank13                          bank13       000000
__Hbank14                          bank14       000000
__Hbank15                          bank15       000000
__Hbank2                           bank2        000000
__Hbank3                           bank3        000000
__Hbank4                           bank4        000000
__Hbank5                           bank5        000000
__Hbank6                           bank6        000000
__Hbank7                           bank7        000000
__Hbank8                           bank8        000000
__Hbank9                           bank9        000000
__Hbigbss                          bigbss       000000
__Hbigdata                         bigdata      000000
__Hbigram                          bigram       000000
__Hbss                             bss          000000
__HbssBANK1                        bssBANK1     000000
__HbssCOMRAM                       bssCOMRAM    000000
__Hcinit                           cinit        000000
__Hclrtext                         clrtext      000000
__Hcomram                          comram       000000
__Hconfig                          config       30000E
__Hconst                           const        000000
__HcstackBANK0                     cstackBANK0  000000
__HcstackCOMRAM                    cstackCOMRAM 000000
__Hdata                            data         000000
__HdataBANK0                       dataBANK0    000000
__HdataBANK1                       dataBANK1    000000
__HdataCOMRAM                      dataCOMRAM   000000
__Heeprom_data                     eeprom_data  000000
__Hend_init                        end_init     00001C
__Hfarbss                          farbss       000000
__Hfardata                         fardata      000000
__Hibigdata                        ibigdata     000000
__Hidata                           idata        000000
__HidataBANK0                      idataBANK0   000000
__HidataBANK1                      idataBANK1   000000
__HidataCOMRAM                     idataCOMRAM  000000
__Hidloc                           idloc        200008
__Hifardata                        ifardata     000000
__Hinit                            init         000018
__Hintcode                         intcode      000018
__Hintcode_body                    intcode_body 000000
__Hintcodelo                       intcodelo    000018
__Hintentry                        intentry     000000
__Hintret                          intret       000000
__Hintsave_regs                    intsave_regs 000000
__Hirdata                          irdata       000000
__Hmediumconst                     mediumconst  010000
__HnvFARRAM                        nvFARRAM     000000
__Hnvbit                           nvbit        000000
__Hnvrram                          nvrram       000000
__Hparam                           rparam       000000
__Hpowerup                         powerup      000018
__Hram                             ram          000000
__Hramtop                          ramtop       001000
__Hrbit                            rbit         000000
__Hrbss                            rbss         000000
__Hrdata                           rdata        000000
__Hreset_vec                       reset_vec    000004
__Hrparam                          rparam       000000
__Hsfr                             sfr          000000
__Hsmallconst                      smallconst   000000
__Hspace_0                         (abs)        30000E
__Hspace_1                         (abs)        00019D
__Hspace_2                         (abs)        000000
__Hstack                           stack        000000
__Hstruct                          struct       000000
__Htemp                            temp         000000
__Htext                            text         000000
__Htext0                           text0        000000
__Htext1                           text1        000000
__Htext10                          text10       000000
__Htext11                          text11       000000
__Htext12                          text12       000000
__Htext13                          text13       000000
__Htext14                          text14       000000
__Htext15                          text15       000000
__Htext16                          text16       000000
__Htext17                          text17       000000
__Htext18                          text18       000000
__Htext19                          text19       000000
__Htext2                           text2        000000
__Htext20                          text20       000000
__Htext21                          text21       000000
__Htext22                          text22       000000
__Htext23                          text23       000000
__Htext24                          text24       000000
__Htext25                          text25       000000
__Htext26                          text26       000000
__Htext27                          text27       000000
__Htext28                          text28       000000
__Htext29                          text29       000000
__Htext3                           text3        000000
__Htext30                          text30       000000
__Htext31                          text31       000000
__Htext32                          text32       000000
__Htext33                          text33       000000
__Htext34                          text34       000000
__Htext35                          text35       000000
__Htext36                          text36       000000
__Htext37                          text37       000000
__Htext38                          text38       000000
__Htext39                          text39       000000
__Htext4                           text4        000000
__Htext40                          text40       000000
__Htext41                          text41       000000
__Htext42                          text42       000000
__Htext43                          text43       000000
__Htext44                          text44       000000
__Htext45                          text45       000000
__Htext46                          text46       000000
__Htext47                          text47       000000
__Htext48                          text48       000000
__Htext49                          text49       000000
__Htext5                           text5        000000
__Htext50                          text50       000000
__Htext51                          text51       000000
__Htext52                          text52       000000
__Htext53                          text53       000000
__Htext54                          text54       000000
__Htext55                          text55       000000
__Htext56                          text56       000000
__Htext57                          text57       000000
__Htext58                          text58       000000
__Htext59                          text59       000000
__Htext6                           text6        000000
__Htext60                          text60       000000
__Htext61                          text61       000000
__Htext62                          text62       000000
__Htext63                          text63       000000
__Htext64                          text64       000000
__Htext65                          text65       000000
__Htext66                          text66       000000
__Htext67                          text67       000000
__Htext68                          text68       000000
__Htext69                          text69       000000
__Htext7                           text7        000000
__Htext70                          text70       000000
__Htext71                          text71       000000
__Htext73                          text73       000000
__Htext74                          text74       000000
__Htext75                          text75       000000
__Htext8                           text8        000000
__Htext9                           text9        000000
__LRAM                             (abs)        000001
__Labs1                            abs1         000000
__Lbank0                           bank0        000000
__Lbank1                           bank1        000000
__Lbank10                          bank10       000000
__Lbank11                          bank11       000000
__Lbank12                          bank12       000000
__Lbank13                          bank13       000000
__Lbank14                          bank14       000000
__Lbank15                          bank15       000000
__Lbank2                           bank2        000000
__Lbank3                           bank3        000000
__Lbank4                           bank4        000000
__Lbank5                           bank5        000000
__Lbank6                           bank6        000000
__Lbank7                           bank7        000000
__Lbank8                           bank8        000000
__Lbank9                           bank9        000000
__Lbigbss                          bigbss       000000
__Lbigdata                         bigdata      000000
__Lbigram                          bigram       000000
__Lbss                             bss          000000
__LbssBANK1                        bssBANK1     000000
__LbssCOMRAM                       bssCOMRAM    000000
__Lcinit                           cinit        000000
__Lclrtext                         clrtext      000000
__Lcomram                          comram       000000
__Lconfig                          config       300000
__Lconst                           const        000000
__LcstackBANK0                     cstackBANK0  000000
__LcstackCOMRAM                    cstackCOMRAM 000000
__Ldata                            data         000000
__LdataBANK0                       dataBANK0    000000
__LdataBANK1                       dataBANK1    000000
__LdataCOMRAM                      dataCOMRAM   000000
__Leeprom_data                     eeprom_data  000000
__Lend_init                        end_init     000018
__Lfarbss                          farbss       000000
__Lfardata                         fardata      000000
__Libigdata                        ibigdata     000000
__Lidata                           idata        000000
__LidataBANK0                      idataBANK0   000000
__LidataBANK1                      idataBANK1   000000
__LidataCOMRAM                     idataCOMRAM  000000
__Lidloc                           idloc        200000
__Lifardata                        ifardata     000000
__Linit                            init         000018
__Lintcode                         intcode      000008
__Lintcode_body                    intcode_body 000000
__Lintcodelo                       intcodelo    000018
__Lintentry                        intentry     000000
__Lintret                          intret       000000
__Lintsave_regs                    intsave_regs 000000
__Lirdata                          irdata       000000
__Lmediumconst                     mediumconst  00FD72
__LnvFARRAM                        nvFARRAM     000000
__Lnvbit                           nvbit        000000
__Lnvrram                          nvrram       000000
__Lparam                           rparam       000000
__Lpowerup                         powerup      000018
__Lram                             ram          000000
__Lramtop                          ramtop       001000
__Lrbit                            rbit         000000
__Lrbss                            rbss         000000
__Lrdata                           rdata        000000
__Lreset_vec                       reset_vec    000000
__Lrparam                          rparam       000000
__Lsfr                             sfr          000000
__Lsmallconst                      smallconst   000000
__Lspace_0                         (abs)        000000
__Lspace_1                         (abs)        000000
__Lspace_2                         (abs)        000000
__Lstack                           stack        000000
__Lstruct                          struct       000000
__Ltemp                            temp         000000
__Ltext                            text         000000
__Ltext0                           text0        000000
__Ltext1                           text1        000000
__Ltext10                          text10       000000
__Ltext11                          text11       000000
__Ltext12                          text12       000000
__Ltext13                          text13       000000
__Ltext14                          text14       000000
__Ltext15                          text15       000000
__Ltext16                          text16       000000
__Ltext17                          text17       000000
__Ltext18                          text18       000000
__Ltext19                          text19       000000
__Ltext2                           text2        000000
__Ltext20                          text20       000000
__Ltext21                          text21       000000
__Ltext22                          text22       000000
__Ltext23                          text23       000000
__Ltext24                          text24       000000
__Ltext25                          text25       000000
__Ltext26                          text26       000000
__Ltext27                          text27       000000
__Ltext28                          text28       000000
__Ltext29                          text29       000000
__Ltext3                           text3        000000
__Ltext30                          text30       000000
__Ltext31                          text31       000000
__Ltext32                          text32       000000
__Ltext33                          text33       000000
__Ltext34                          text34       000000
__Ltext35                          text35       000000
__Ltext36                          text36       000000
__Ltext37                          text37       000000
__Ltext38                          text38       000000
__Ltext39                          text39       000000
__Ltext4                           text4        000000
__Ltext40                          text40       000000
__Ltext41                          text41       000000
__Ltext42                          text42       000000
__Ltext43                          text43       000000
__Ltext44                          text44       000000
__Ltext45                          text45       000000
__Ltext46                          text46       000000
__Ltext47                          text47       000000
__Ltext48                          text48       000000
__Ltext49                          text49       000000
__Ltext5                           text5        000000
__Ltext50                          text50       000000
__Ltext51                          text51       000000
__Ltext52                          text52       000000
__Ltext53                          text53       000000
__Ltext54                          text54       000000
__Ltext55                          text55       000000
__Ltext56                          text56       000000
__Ltext57                          text57       000000
__Ltext58                          text58       000000
__Ltext59                          text59       000000
__Ltext6                           text6        000000
__Ltext60                          text60       000000
__Ltext61                          text61       000000
__Ltext62                          text62       000000
__Ltext63                          text63       000000
__Ltext64                          text64       000000
__Ltext65                          text65       000000
__Ltext66                          text66       000000
__Ltext67                          text67       000000
__Ltext68                          text68       000000
__Ltext69                          text69       000000
__Ltext7                           text7        000000
__Ltext70                          text70       000000
__Ltext71                          text71       000000
__Ltext73                          text73       000000
__Ltext74                          text74       000000
__Ltext75                          text75       000000
__Ltext8                           text8        000000
__Ltext9                           text9        000000
__S0                               (abs)        30000E
__S1                               (abs)        00019D
__S2                               (abs)        000000
___awdiv                           text15       001514
___awdiv@counter                   cstackCOMRAM 00001B
___awdiv@dividend                  cstackCOMRAM 000017
___awdiv@divisor                   cstackCOMRAM 000019
___awdiv@quotient                  cstackCOMRAM 00001D
___awdiv@sign                      cstackCOMRAM 00001C
___ftdiv                           text48       00112A
___ftdiv@cntr                      cstackCOMRAM 000035
___ftdiv@exp                       cstackCOMRAM 000039
___ftdiv@f1                        cstackCOMRAM 00002C
___ftdiv@f2                        cstackCOMRAM 00002F
___ftdiv@f3                        cstackCOMRAM 000036
___ftdiv@sign                      cstackCOMRAM 00003A
___ftmul                           text47       000E5A
___ftmul@cntr                      cstackCOMRAM 00002A
___ftmul@exp                       cstackCOMRAM 000026
___ftmul@f1                        cstackCOMRAM 00001D
___ftmul@f2                        cstackCOMRAM 000020
___ftmul@f3_as_product             cstackCOMRAM 000027
___ftmul@sign                      cstackCOMRAM 00002B
___ftpack                          text49       0012E8
___ftpack@arg                      cstackCOMRAM 000011
___ftpack@exp                      cstackCOMRAM 000014
___ftpack@sign                     cstackCOMRAM 000015
___fttol                           text46       001044
___fttol@exp1                      cstackCOMRAM 00001F
___fttol@f1                        cstackCOMRAM 000011
___fttol@lval                      cstackCOMRAM 00001B
___fttol@sign1                     cstackCOMRAM 00001A
___inthi_sp                        stack        000000
___intlo_sp                        stack        000000
___lbtoft                          text45       001DF4
___lbtoft@c                        cstackCOMRAM 00001C
___lwdiv                           text5        001954
___lwdiv@counter                   cstackCOMRAM 000015
___lwdiv@dividend                  cstackCOMRAM 000011
___lwdiv@divisor                   cstackCOMRAM 000013
___lwdiv@quotient                  cstackCOMRAM 000016
___lwmod                           text4        001AA2
___lwmod@counter                   cstackCOMRAM 00001C
___lwmod@dividend                  cstackCOMRAM 000018
___lwmod@divisor                   cstackCOMRAM 00001A
___param_bank                      (abs)        000010
___rparam_used                     (abs)        000001
___sp                              stack        000000
___wmul                            text36       001DCC
___wmul@multiplicand               cstackCOMRAM 000013
___wmul@multiplier                 cstackCOMRAM 000011
___wmul@product                    cstackCOMRAM 000015
__accesstop                        (abs)        000080
__activetblptr                     (abs)        000002
__end_of_Activate_Buzzer           text54       001FB0
__end_of_DS1621_Init               text62       001EC0
__end_of_DS1621_Read_Temp          text57       001D40
__end_of_DS3231_Read_Time          text56       001954
__end_of_DS3231_Setup_Time         text55       0018F0
__end_of_Deactivate_Buzzer         text53       002076
__end_of_Decrease_Speed            text43       001E82
__end_of_Do_Beep                   text50       001F9E
__end_of_Enable_INT_Interrupt      text42       002094
__end_of_I2C_Init                  text41       002050
__end_of_I2C_ReStart               text61       001F3E
__end_of_I2C_Read                  text58       001BCC
__end_of_I2C_Start                 text67       001FE6
__end_of_I2C_Stop                  text66       001FD4
__end_of_I2C_Write                 text65       001D04
__end_of_I2C_Write_Cmd_Only        text64       001F10
__end_of_I2C_Write_Cmd_Write_Data  text63       001EA2
__end_of_INTx_isr                  text74       0009B2
__end_of_Increase_Speed            text40       001E3E
__end_of_Init_Interrupt            text39       001F28
__end_of_Init_UART                 text37       001F7A
__end_of_Initialize_LCD_Screen     text16       001514
__end_of_LCD_Reset                 text34       001F8C
__end_of_OpenUSART                 text38       00188A
__end_of_Rcmd1                     text30       000D50
__end_of_Rcmd2red                  text29       001CC6
__end_of_Rcmd3                     text28       001044
__end_of_Reset_Nec_State           text75       00208E
__end_of_Set_DC_RGB                text14       001C0C
__end_of_Set_RPM_RGB               text13       001B3A
__end_of_TFT_GreenTab_Initialize   text27       001DCC
__end_of_TIMER1_isr                text73       00203C
__end_of_Toggle_Fan                text10       001F52
__end_of_Turn_Off_Fan              text12       002046
__end_of_Turn_On_Fan               text11       001FF6
__end_of_Wait_Half_Second          text52       001EF6
__end_of_Wait_One_Sec              text51       00205A
__end_of___awdiv                   text15       0015AA
__end_of___ftdiv                   text48       00120C
__end_of___ftmul                   text47       000F52
__end_of___ftpack                  text49       0013AE
__end_of___fttol                   text46       00112A
__end_of___lbtoft                  text45       001E1A
__end_of___lwdiv                   text5        0019B0
__end_of___lwmod                   text4        001AEE
__end_of___wmul                    text36       001DF4
__end_of__initialization           cinit        00179C
__end_of_chkisr                    intcode_body 00172C
__end_of_delay_ms                  text35       001A54
__end_of_do_update_pwm             text44       001464
__end_of_dpowers                   mediumconst  00FF58
__end_of_drawChar                  text22       000B08
__end_of_drawCircle                text9        000838
__end_of_drawFastVLine             text24       001632
__end_of_drawPixel                 text25       001DA2
__end_of_drawtext                  text20       000E5A
__end_of_fillCircle                text7        001A02
__end_of_fillCircleHelper          text8        000C40
__end_of_fillRect                  text23       001B84
__end_of_fillRectangle             text19       0012E8
__end_of_fillScreen                text18       001EDC
__end_of_font                      mediumconst  00FE72
__end_of_font2                     mediumconst  00FF4E
__end_of_get_RPM                   text6        001C4A
__end_of_hexpowers                 mediumconst  00FF60
__end_of_i2cAck                    text60       001FC2
__end_of_i2cHighScl                text71       002030
__end_of_i2cHighSda                text70       002086
__end_of_i2cLowScl                 text69       00207E
__end_of_i2cLowSda                 text68       00206E
__end_of_i2cNack                   text59       002064
__end_of_isdigit                   text3        001E60
__end_of_main                      text0        00068A
__end_of_printf                    text1        000376
__end_of_putch                     text2        002024
__end_of_setAddrWindow             text26       001AA2
__end_of_spiwrite                  text33       001F66
__end_of_strcpy                    text17       001D72
__end_of_strlen                    text21       001C88
__end_of_write_command             text32       002016
__end_of_write_data                text31       002006
__initialization                   cinit        00172C
__mediumconst                      mediumconst  00FD72
__pbssBANK1                        bssBANK1     00017E
__pbssCOMRAM                       bssCOMRAM    000045
__pcinit                           cinit        00172C
__pcstackBANK0                     cstackBANK0  0000F3
__pcstackCOMRAM                    cstackCOMRAM 000001
__pdataBANK0                       dataBANK0    000080
__pdataBANK1                       dataBANK1    000100
__pdataCOMRAM                      dataCOMRAM   00006D
__pidataBANK0                      idataBANK0   0017A6
__pidataBANK1                      idataBANK1   001632
__pidataCOMRAM                     idataCOMRAM  002094
__pintcode                         intcode      000008
__pintcode_body                    intcode_body 0016B0
__pmediumconst                     mediumconst  00FD72
__ptext0                           text0        000376
__ptext1                           text1        00001C
__ptext10                          text10       001F3E
__ptext11                          text11       001FE6
__ptext12                          text12       00203C
__ptext13                          text13       001AEE
__ptext14                          text14       001BCC
__ptext15                          text15       001514
__ptext16                          text16       001464
__ptext17                          text17       001D40
__ptext18                          text18       001EC0
__ptext19                          text19       00120C
__ptext2                           text2        002016
__ptext20                          text20       000D50
__ptext21                          text21       001C4A
__ptext22                          text22       0009B2
__ptext23                          text23       001B3A
__ptext24                          text24       0015AA
__ptext25                          text25       001D72
__ptext26                          text26       001A54
__ptext27                          text27       001DA2
__ptext28                          text28       000F52
__ptext29                          text29       001C88
__ptext3                           text3        001E3E
__ptext30                          text30       000C40
__ptext31                          text31       001FF6
__ptext32                          text32       002006
__ptext33                          text33       001F52
__ptext34                          text34       001F7A
__ptext35                          text35       001A02
__ptext36                          text36       001DCC
__ptext37                          text37       001F66
__ptext38                          text38       00181A
__ptext39                          text39       001F10
__ptext4                           text4        001AA2
__ptext40                          text40       001E1A
__ptext41                          text41       002046
__ptext42                          text42       00208E
__ptext43                          text43       001E60
__ptext44                          text44       0013AE
__ptext45                          text45       001DF4
__ptext46                          text46       001044
__ptext47                          text47       000E5A
__ptext48                          text48       00112A
__ptext49                          text49       0012E8
__ptext5                           text5        001954
__ptext50                          text50       001F8C
__ptext51                          text51       002050
__ptext52                          text52       001EDC
__ptext53                          text53       00206E
__ptext54                          text54       001F9E
__ptext55                          text55       00188A
__ptext56                          text56       0018F0
__ptext57                          text57       001D04
__ptext58                          text58       001B84
__ptext59                          text59       00205A
__ptext6                           text6        001C0C
__ptext60                          text60       001FB0
__ptext61                          text61       001F28
__ptext62                          text62       001EA2
__ptext63                          text63       001E82
__ptext64                          text64       001EF6
__ptext65                          text65       001CC6
__ptext66                          text66       001FC2
__ptext67                          text67       001FD4
__ptext68                          text68       002064
__ptext69                          text69       002076
__ptext7                           text7        0019B0
__ptext70                          text70       00207E
__ptext71                          text71       002024
__ptext73                          text73       002030
__ptext74                          text74       000838
__ptext75                          text75       002086
__ptext8                           text8        000B08
__ptext9                           text9        00068A
__ramtop                           ramtop       001000
__size_of_Activate_Buzzer          (abs)        000000
__size_of_DS1621_Init              (abs)        000000
__size_of_DS1621_Read_Temp         (abs)        000000
__size_of_DS3231_Read_Time         (abs)        000000
__size_of_DS3231_Setup_Time        (abs)        000000
__size_of_Deactivate_Buzzer        (abs)        000000
__size_of_Decrease_Speed           (abs)        000000
__size_of_Do_Beep                  (abs)        000000
__size_of_Enable_INT_Interrupt     (abs)        000000
__size_of_I2C_Init                 (abs)        000000
__size_of_I2C_ReStart              (abs)        000000
__size_of_I2C_Read                 (abs)        000000
__size_of_I2C_Start                (abs)        000000
__size_of_I2C_Stop                 (abs)        000000
__size_of_I2C_Write                (abs)        000000
__size_of_I2C_Write_Cmd_Only       (abs)        000000
__size_of_I2C_Write_Cmd_Write_Data (abs)        000000
__size_of_INTx_isr                 (abs)        000000
__size_of_Increase_Speed           (abs)        000000
__size_of_Init_Interrupt           (abs)        000000
__size_of_Init_UART                (abs)        000000
__size_of_Initialize_LCD_Screen    (abs)        000000
__size_of_LCD_Reset                (abs)        000000
__size_of_OpenUSART                (abs)        000000
__size_of_Rcmd1                    (abs)        000000
__size_of_Rcmd2red                 (abs)        000000
__size_of_Rcmd3                    (abs)        000000
__size_of_Reset_Nec_State          (abs)        000000
__size_of_Set_DC_RGB               (abs)        000000
__size_of_Set_RPM_RGB              (abs)        000000
__size_of_TFT_GreenTab_Initialize  (abs)        000000
__size_of_TIMER1_isr               (abs)        000000
__size_of_Toggle_Fan               (abs)        000000
__size_of_Turn_Off_Fan             (abs)        000000
__size_of_Turn_On_Fan              (abs)        000000
__size_of_Wait_Half_Second         (abs)        000000
__size_of_Wait_One_Sec             (abs)        000000
__size_of___awdiv                  (abs)        000000
__size_of___ftdiv                  (abs)        000000
__size_of___ftmul                  (abs)        000000
__size_of___ftpack                 (abs)        000000
__size_of___fttol                  (abs)        000000
__size_of___lbtoft                 (abs)        000000
__size_of___lwdiv                  (abs)        000000
__size_of___lwmod                  (abs)        000000
__size_of___wmul                   (abs)        000000
__size_of_chkisr                   (abs)        000000
__size_of_delay_ms                 (abs)        000000
__size_of_do_update_pwm            (abs)        000000
__size_of_drawChar                 (abs)        000000
__size_of_drawCircle               (abs)        000000
__size_of_drawFastVLine            (abs)        000000
__size_of_drawPixel                (abs)        000000
__size_of_drawtext                 (abs)        000000
__size_of_fillCircle               (abs)        000000
__size_of_fillCircleHelper         (abs)        000000
__size_of_fillRect                 (abs)        000000
__size_of_fillRectangle            (abs)        000000
__size_of_fillScreen               (abs)        000000
__size_of_get_RPM                  (abs)        000000
__size_of_i2cAck                   (abs)        000000
__size_of_i2cHighScl               (abs)        000000
__size_of_i2cHighSda               (abs)        000000
__size_of_i2cLowScl                (abs)        000000
__size_of_i2cLowSda                (abs)        000000
__size_of_i2cNack                  (abs)        000000
__size_of_isdigit                  (abs)        000000
__size_of_main                     (abs)        000000
__size_of_printf                   (abs)        000000
__size_of_putch                    (abs)        000000
__size_of_setAddrWindow            (abs)        000000
__size_of_spiwrite                 (abs)        000000
__size_of_strcpy                   (abs)        000000
__size_of_strlen                   (abs)        000000
__size_of_write_command            (abs)        000000
__size_of_write_data               (abs)        000000
__smallconst                       smallconst   000000
__tft_type                         bssCOMRAM    000054
_alarm_date                        bssCOMRAM    000055
_alarm_hour                        bssCOMRAM    000056
_alarm_minute                      bssCOMRAM    000057
_alarm_second                      bssCOMRAM    000058
_array1                            dataBANK0    0000D4
_bit_count                         bssCOMRAM    000059
_buffer                            bssBANK1     00017E
_chkisr                            intcode      000008
_color                             dataBANK1    000100
_colstart                          bssCOMRAM    00005A
_day                               bssCOMRAM    00005B
_delay_ms                          text35       001A02
_do_update_pwm                     text44       0013AE
_dow                               bssCOMRAM    00005C
_dpowers                           mediumconst  00FF4E
_drawChar                          text22       0009B2
_drawCircle                        text9        00068A
_drawFastVLine                     text24       0015AA
_drawPixel                         text25       001D72
_drawtext                          text20       000D50
_duty_cycle                        bssCOMRAM    00005D
_fillCircle                        text7        0019B0
_fillCircleHelper                  text8        000B08
_fillRect                          text23       001B3A
_fillRectangle                     text19       00120C
_fillScreen                        text18       001EC0
_font                              mediumconst  00FD73
_font2                             mediumconst  00FE72
_get_RPM                           text6        001C0C
_hexpowers                         mediumconst  00FF58
_hour                              bssCOMRAM    00005E
_i2cAck                            text60       001FB0
_i2cHighScl                        text71       002024
_i2cHighSda                        text70       00207E
_i2cLowScl                         text69       002076
_i2cLowSda                         text68       002064
_i2cNack                           text59       00205A
_isdigit                           text3        001E3E
_isdigit$2286                      cstackCOMRAM 000012
_main                              text0        000376
_minute                            bssCOMRAM    00005F
_month                             bssCOMRAM    000060
_nRBPU                             (abs)        007F8F
_nbr                               bssCOMRAM    00004D
_printf                            text1        00001C
_putch                             text2        002016
_rowstart                          bssCOMRAM    000061
_second                            bssCOMRAM    000062
_setAddrWindow                     text26       001A54
_setup_alarm_hour                  bssCOMRAM    000063
_setup_alarm_minute                bssCOMRAM    000064
_setup_alarm_second                bssCOMRAM    000065
_setup_day                         bssCOMRAM    000066
_setup_hour                        bssCOMRAM    000067
_setup_minute                      bssCOMRAM    000068
_setup_month                       bssCOMRAM    000069
_setup_second                      bssCOMRAM    00006A
_setup_year                        bssCOMRAM    00006B
_spiwrite                          text33       001F52
_strcpy                            text17       001D40
_strlen                            text21       001C4A
_tempSecond                        dataCOMRAM   00006D
_txt                               bssCOMRAM    00004F
_txt1                              dataBANK1    00012A
_wrap                              dataCOMRAM   00006E
_write_command                     text32       002006
_write_data                        text31       001FF6
_year                              bssCOMRAM    00006C
delay_ms@count                     cstackCOMRAM 00001B
delay_ms@ms                        cstackCOMRAM 000017
do_update_pwm@dc_I                 cstackCOMRAM 000042
do_update_pwm@dc_f                 cstackCOMRAM 00003E
do_update_pwm@duty_cycle           cstackCOMRAM 000041
drawChar@bg                        cstackCOMRAM 000032
drawChar@c                         cstackCOMRAM 00002F
drawChar@color                     cstackCOMRAM 000030
drawChar@i                         cstackCOMRAM 000038
drawChar@j                         cstackCOMRAM 000037
drawChar@line                      cstackCOMRAM 000035
drawChar@size                      cstackCOMRAM 000034
drawChar@x                         cstackCOMRAM 000036
drawChar@y                         cstackCOMRAM 00002E
drawCircle@color                   cstackCOMRAM 000022
drawCircle@ddF_x                   cstackCOMRAM 000026
drawCircle@ddF_y                   cstackCOMRAM 000028
drawCircle@f                       cstackCOMRAM 00002A
drawCircle@r                       cstackCOMRAM 000020
drawCircle@x                       cstackCOMRAM 00002C
drawCircle@x0                      cstackCOMRAM 00001C
drawCircle@y                       cstackCOMRAM 00002E
drawCircle@y0                      cstackCOMRAM 00001E
drawFastVLine@color                cstackCOMRAM 00001A
drawFastVLine@h                    cstackCOMRAM 000019
drawFastVLine@hi                   cstackCOMRAM 000020
drawFastVLine@lo                   cstackCOMRAM 000021
drawFastVLine@x                    cstackCOMRAM 000022
drawFastVLine@y                    cstackCOMRAM 000018
drawPixel@color                    cstackCOMRAM 000019
drawPixel@x                        cstackCOMRAM 00001B
drawPixel@y                        cstackCOMRAM 000018
drawtext@_text                     cstackCOMRAM 00003A
drawtext@bg                        cstackCOMRAM 00003E
drawtext@color                     cstackCOMRAM 00003C
drawtext@cursor_x                  cstackBANK0  0000F9
drawtext@cursor_y                  cstackBANK0  0000F8
drawtext@i                         cstackBANK0  0000F6
drawtext@size                      cstackCOMRAM 000040
drawtext@textsize                  cstackBANK0  0000F4
drawtext@x                         cstackBANK0  0000F3
drawtext@y                         cstackCOMRAM 000039
end_of_initialization              cinit        00179C
fillCircle@color                   cstackCOMRAM 000041
fillCircle@r                       cstackCOMRAM 00003F
fillCircle@x0                      cstackCOMRAM 00003B
fillCircle@y0                      cstackCOMRAM 00003D
fillCircleHelper@color             cstackCOMRAM 00002D
fillCircleHelper@cornername        cstackCOMRAM 000029
fillCircleHelper@ddF_x             cstackCOMRAM 000031
fillCircleHelper@ddF_y             cstackCOMRAM 000033
fillCircleHelper@delta             cstackCOMRAM 00002B
fillCircleHelper@f                 cstackCOMRAM 000035
fillCircleHelper@r                 cstackCOMRAM 000027
fillCircleHelper@x                 cstackCOMRAM 000037
fillCircleHelper@x0                cstackCOMRAM 000023
fillCircleHelper@y                 cstackCOMRAM 000039
fillCircleHelper@y0                cstackCOMRAM 000025
fillRect@color                     cstackCOMRAM 000026
fillRect@h                         cstackCOMRAM 000025
fillRect@i                         cstackCOMRAM 00002C
fillRect@w                         cstackCOMRAM 000024
fillRect@x                         cstackCOMRAM 00002B
fillRect@y                         cstackCOMRAM 000023
fillRectangle@color                cstackCOMRAM 00001B
fillRectangle@h                    cstackCOMRAM 00001A
fillRectangle@hi                   cstackCOMRAM 000021
fillRectangle@lo                   cstackCOMRAM 000022
fillRectangle@w                    cstackCOMRAM 000019
fillRectangle@x                    cstackCOMRAM 000023
fillRectangle@y                    cstackCOMRAM 000018
fillScreen@color                   cstackCOMRAM 000024
get_RPM@RPS                        cstackCOMRAM 000021
int_func                           intcode_body 0016B0
intlevel0                          text         000000
intlevel1                          text         000000
intlevel2                          text         000000
intlevel3                          text         000000
isdigit@c                          cstackCOMRAM 000013
main@found                         cstackBANK0  0000FF
main@i                             cstackBANK0  0000FE
main@rpm                           cstackBANK0  0000FB
main@tempC                         cstackBANK0  0000FD
main@tempF                         cstackBANK0  0000FA
printf@ap                          cstackCOMRAM 000030
printf@c                           cstackCOMRAM 000038
printf@f                           cstackCOMRAM 00001D
printf@flag                        cstackCOMRAM 000035
printf@idx                         cstackCOMRAM 00002F
printf@prec                        cstackCOMRAM 000032
printf@val                         cstackCOMRAM 000033
printf@width                       cstackCOMRAM 000036
putch@c                            cstackCOMRAM 000011
setAddrWindow@x0                   cstackCOMRAM 000017
setAddrWindow@x1                   cstackCOMRAM 000015
setAddrWindow@y0                   cstackCOMRAM 000014
setAddrWindow@y1                   cstackCOMRAM 000016
spiwrite@spidata                   cstackCOMRAM 000012
spiwrite@x                         cstackCOMRAM 000011
stackhi                            (abs)        000F7F
stacklo                            (abs)        00019D
start                              init         000018
start_initialization               cinit        00172C
strcpy@cp                          cstackCOMRAM 000015
strcpy@from                        cstackCOMRAM 000013
strcpy@to                          cstackCOMRAM 000011
strlen@cp                          cstackCOMRAM 000015
strlen@s                           cstackCOMRAM 000011
write_command@cmd_                 cstackCOMRAM 000013
write_data@data_                   cstackCOMRAM 000013


FUNCTION INFORMATION:

 *************** function _main *****************
 Defined at:
		line 53 in file "../lab12.c"
 Parameters:    Size  Location     Type
		None
 Auto vars:     Size  Location     Type
  i               1   11[BANK0 ] unsigned char 
  found           1   12[BANK0 ] unsigned char 
  rpm             2    8[BANK0 ] int 
  tempC           1   10[BANK0 ] char 
  tempF           1    7[BANK0 ] char 
 Return value:  Size  Location     Type
		None               void
 Registers used:
		wreg, fsr2l, fsr2h, status,2, status,0, tblptrl, tblptrh, tblptru, prodl, prodh, cstack
 Tracked objects:
		On entry : 
		On exit  : 
		Unchanged: 
 Data sizes:     COMRAM   BANK0   BANK1   BANK2   BANK3   BANK4   BANK5   BANK6   BANK7   BANK8   BANK9  BANK10  BANK11  BANK12  BANK13  BANK14  BANK15
      Params:         0       0       0       0       0       0       0       0       0       0       0       0       0       0       0       0       0
      Locals:         0       6       0       0       0       0       0       0       0       0       0       0       0       0       0       0       0
      Temps:          1       0       0       0       0       0       0       0       0       0       0       0       0       0       0       0       0
      Totals:         1       6       0       0       0       0       0       0       0       0       0       0       0       0       0       0       0
Total ram usage:        7 bytes
 Hardware stack levels required when called:   11
 This function calls:
		_Activate_Buzzer
		_DS1621_Init
		_DS1621_Read_Temp
		_DS3231_Read_Time
		_DS3231_Setup_Time
		_Deactivate_Buzzer
		_Decrease_Speed
		_Enable_INT_Interrupt
		_I2C_Init
		_Increase_Speed
		_Init_Interrupt
		_Init_UART
		_Initialize_LCD_Screen
		_Set_DC_RGB
		_Set_RPM_RGB
		_Toggle_Fan
		_Wait_One_Sec
		___awdiv
		___wmul
		_do_update_pwm
		_drawCircle
		_drawtext
		_fillCircle
		_get_RPM
		_printf
 This function is called by:
		Startup code after reset
 This function uses a non-reentrant model


 *************** function _printf *****************
 Defined at:
		line 464 in file "C:\Program Files (x86)\Microchip\xc8\v1.34\sources\common\doprnt.c"
 Parameters:    Size  Location     Type
  f               2   28[COMRAM] PTR const unsigned char 
		 -> STR_6(22), STR_5(19), STR_4(19), STR_3(43), 
		 -> STR_2(30), 
 Auto vars:     Size  Location     Type
  idx             1   46[COMRAM] unsigned char 
  tmpval          4    0        struct .
  cp              3    0        PTR const unsigned char 
  width           2   53[COMRAM] int 
  val             2   50[COMRAM] unsigned int 
  ap              2   47[COMRAM] PTR void [1]
		 -> ?_printf(2), 
  len             2    0        unsigned int 
  c               1   55[COMRAM] char 
  flag            1   52[COMRAM] unsigned char 
  prec            1   49[COMRAM] char 
 Return value:  Size  Location     Type
                  2   28[COMRAM] int 
 Registers used:
		wreg, fsr2l, fsr2h, status,2, status,0, tblptrl, tblptrh, tblptru, prodl, prodh, cstack
 Tracked objects:
		On entry : 
		On exit  : 
		Unchanged: 
 Data sizes:     COMRAM   BANK0   BANK1   BANK2   BANK3   BANK4   BANK5   BANK6   BANK7   BANK8   BANK9  BANK10  BANK11  BANK12  BANK13  BANK14  BANK15
      Params:        14       0       0       0       0       0       0       0       0       0       0       0       0       0       0       0       0
      Locals:        10       0       0       0       0       0       0       0       0       0       0       0       0       0       0       0       0
      Temps:          4       0       0       0       0       0       0       0       0       0       0       0       0       0       0       0       0
      Totals:        28       0       0       0       0       0       0       0       0       0       0       0       0       0       0       0       0
Total ram usage:       28 bytes
 Hardware stack levels used:    1
 Hardware stack levels required when called:    4
 This function calls:
		___lwdiv
		___lwmod
		___wmul
		_isdigit
		_putch
 This function is called by:
		_main
 This function uses a non-reentrant model


 *************** function _putch *****************
 Defined at:
		line 33 in file "../utils.c"
 Parameters:    Size  Location     Type
  c               1    wreg     unsigned char 
 Auto vars:     Size  Location     Type
  c               1   16[COMRAM] unsigned char 
 Return value:  Size  Location     Type
		None               void
 Registers used:
		wreg
 Tracked objects:
		On entry : 
		On exit  : 
		Unchanged: 
 Data sizes:     COMRAM   BANK0   BANK1   BANK2   BANK3   BANK4   BANK5   BANK6   BANK7   BANK8   BANK9  BANK10  BANK11  BANK12  BANK13  BANK14  BANK15
      Params:         0       0       0       0       0       0       0       0       0       0       0       0       0       0       0       0       0
      Locals:         1       0       0       0       0       0       0       0       0       0       0       0       0       0       0       0       0
      Temps:          0       0       0       0       0       0       0       0       0       0       0       0       0       0       0       0       0
[...]
		_I2C_Write_Cmd_Write_Data
		_DS1621_Read_Temp
		_DS3231_Read_Time
		_DS3231_Setup_Time
		_I2C_Write_Address_Read_One_Byte
		_I2C_Write_Address_Write_One_Byte
		_I2C_Write_Cmd_Read_One_Byte
		_DS1621_Read_Temp_Bad
 This function uses a non-reentrant model


 *************** function _I2C_Start *****************
 Defined at:
		line 67 in file "../I2C_Soft.c"
 Parameters:    Size  Location     Type
		None
 Auto vars:     Size  Location     Type
		None
 Return value:  Size  Location     Type
		None               void
 Registers used:
		wreg, cstack
 Tracked objects:
		On entry : 
		On exit  : 
		Unchanged: 
 Data sizes:     COMRAM   BANK0   BANK1   BANK2   BANK3   BANK4   BANK5   BANK6   BANK7   BANK8   BANK9  BANK10  BANK11  BANK12  BANK13  BANK14  BANK15
      Params:         0       0       0       0       0       0       0       0       0       0       0       0       0       0       0       0       0
      Locals:         0       0       0       0       0       0       0       0       0       0       0       0       0       0       0       0       0
      Temps:          0       0       0       0       0       0       0       0       0       0       0       0       0       0       0       0       0
      Totals:         0       0       0       0       0       0       0       0       0       0       0       0       0       0       0       0       0
Total ram usage:        0 bytes
 Hardware stack levels used:    1
 Hardware stack levels required when called:    4
 This function calls:
		_i2cHighScl
		_i2cHighSda
		_i2cLowScl
		_i2cLowSda
 This function is called by:
		_I2C_Write_Cmd_Only
		_I2C_Write_Cmd_Write_Data
		_DS1621_Read_Temp
		_DS3231_Read_Time
		_DS3231_Setup_Time
		_I2C_Write_Address_Read_One_Byte
		_I2C_Write_Address_Write_One_Byte
		_I2C_Write_Cmd_Read_One_Byte
		_DS1621_Read_Temp_Bad
 This function uses a non-reentrant model


 *************** function _i2cLowSda *****************
 Defined at:
		line 98 in file "../I2C_Soft.c"
 Parameters:    Size  Location     Type
		None
 Auto vars:     Size  Location     Type
		None
 Return value:  Size  Location     Type
		None               void
 Registers used:
		None
 Tracked objects:
		On entry : 
		On exit  : 
		Unchanged: 
 Data sizes:     COMRAM   BANK0   BANK1   BANK2   BANK3   BANK4   BANK5   BANK6   BANK7   BANK8   BANK9  BANK10  BANK11  BANK12  BANK13  BANK14  BANK15
      Params:         0       0       0       0       0       0       0       0       0       0       0       0       0       0       0       0       0
      Locals:         0       0       0       0       0       0       0       0       0       0       0       0       0       0       0       0       0
      Temps:          0       0       0       0       0       0       0       0       0       0       0       0       0       0       0       0       0
      Totals:         0       0       0       0       0       0       0       0       0       0       0       0       0       0       0       0       0
Total ram usage:        0 bytes
 Hardware stack levels used:    1
 Hardware stack levels required when called:    3
 This function calls:
		Nothing
 This function is called by:
		_I2C_Write
		_i2cAck
		_I2C_Start
		_I2C_ReStart
		_I2C_Stop
 This function uses a non-reentrant model


 *************** function _i2cLowScl *****************
 Defined at:
		line 111 in file "../I2C_Soft.c"
 Parameters:    Size  Location     Type
		None
 Auto vars:     Size  Location     Type
		None
 Return value:  Size  Location     Type
		None               void
 Registers used:
		None
 Tracked objects:
		On entry : 
		On exit  : 
		Unchanged: 
 Data sizes:     COMRAM   BANK0   BANK1   BANK2   BANK3   BANK4   BANK5   BANK6   BANK7   BANK8   BANK9  BANK10  BANK11  BANK12  BANK13  BANK14  BANK15
      Params:         0       0       0       0       0       0       0       0       0       0       0       0       0       0       0       0       0
      Locals:         0       0       0       0       0       0       0       0       0       0       0       0       0       0       0       0       0
      Temps:          0       0       0       0       0       0       0       0       0       0       0       0       0       0       0       0       0
      Totals:         0       0       0       0       0       0       0       0       0       0       0       0       0       0       0       0       0
Total ram usage:        0 bytes
 Hardware stack levels used:    1
 Hardware stack levels required when called:    3
 This function calls:
		Nothing
 This function is called by:
		_I2C_Read
		_I2C_Write
		_i2cNack
		_i2cAck
		_I2C_Start
		_I2C_ReStart
		_I2C_Stop
 This function uses a non-reentrant model


 *************** function _i2cHighSda *****************
 Defined at:
		line 92 in file "../I2C_Soft.c"
 Parameters:    Size  Location     Type
		None
 Auto vars:     Size  Location     Type
		None
 Return value:  Size  Location     Type
		None               void
 Registers used:
		None
 Tracked objects:
		On entry : 
		On exit  : 
		Unchanged: 
 Data sizes:     COMRAM   BANK0   BANK1   BANK2   BANK3   BANK4   BANK5   BANK6   BANK7   BANK8   BANK9  BANK10  BANK11  BANK12  BANK13  BANK14  BANK15
      Params:         0       0       0       0       0       0       0       0       0       0       0       0       0       0       0       0       0
      Locals:         0       0       0       0       0       0       0       0       0       0       0       0       0       0       0       0       0
      Temps:          0       0       0       0       0       0       0       0       0       0       0       0       0       0       0       0       0
      Totals:         0       0       0       0       0       0       0       0       0       0       0       0       0       0       0       0       0
Total ram usage:        0 bytes
 Hardware stack levels used:    1
 Hardware stack levels required when called:    3
 This function calls:
		Nothing
 This function is called by:
		_I2C_Init
		_I2C_Read
		_I2C_Write
		_i2cAck
		_I2C_Start
		_I2C_ReStart
		_I2C_Stop
 This function uses a non-reentrant model


 *************** function _i2cHighScl *****************
 Defined at:
		line 105 in file "../I2C_Soft.c"
 Parameters:    Size  Location     Type
		None
 Auto vars:     Size  Location     Type
		None
 Return value:  Size  Location     Type
		None               void
 Registers used:
		wreg
 Tracked objects:
		On entry : 
		On exit  : 
		Unchanged: 
 Data sizes:     COMRAM   BANK0   BANK1   BANK2   BANK3   BANK4   BANK5   BANK6   BANK7   BANK8   BANK9  BANK10  BANK11  BANK12  BANK13  BANK14  BANK15
      Params:         0       0       0       0       0       0       0       0       0       0       0       0       0       0       0       0       0
      Locals:         0       0       0       0       0       0       0       0       0       0       0       0       0       0       0       0       0
      Temps:          0       0       0       0       0       0       0       0       0       0       0       0       0       0       0       0       0
      Totals:         0       0       0       0       0       0       0       0       0       0       0       0       0       0       0       0       0
Total ram usage:        0 bytes
 Hardware stack levels used:    1
 Hardware stack levels required when called:    3
 This function calls:
		Nothing
 This function is called by:
		_I2C_Init
		_I2C_Read
		_I2C_Write
		_i2cNack
		_i2cAck
		_I2C_Start
		_I2C_ReStart
		_I2C_Stop
 This function uses a non-reentrant model


 *************** function _chkisr *****************
 Defined at:
		line 36 in file "../Interrupt.c"
 Parameters:    Size  Location     Type
		None
 Auto vars:     Size  Location     Type
		None
 Return value:  Size  Location     Type
		None               void
 Registers used:
		wreg, status,2, status,0, cstack
 Tracked objects:
		On entry : 
		On exit  : 
		Unchanged: 
 Data sizes:     COMRAM   BANK0   BANK1   BANK2   BANK3   BANK4   BANK5   BANK6   BANK7   BANK8   BANK9  BANK10  BANK11  BANK12  BANK13  BANK14  BANK15
      Params:         0       0       0       0       0       0       0       0       0       0       0       0       0       0       0       0       0
      Locals:         0       0       0       0       0       0       0       0       0       0       0       0       0       0       0       0       0
      Temps:         14       0       0       0       0       0       0       0       0       0       0       0       0       0       0       0       0
      Totals:        14       0       0       0       0       0       0       0       0       0       0       0       0       0       0       0       0
Total ram usage:       14 bytes
 Hardware stack levels used:    1
 Hardware stack levels required when called:    2
 This function calls:
		_INTx_isr
		_TIMER1_isr
 This function is called by:
		Interrupt level 2
 This function uses a non-reentrant model


 *************** function _TIMER1_isr *****************
 Defined at:
		line 42 in file "../Interrupt.c"
 Parameters:    Size  Location     Type
		None
 Auto vars:     Size  Location     Type
		None
 Return value:  Size  Location     Type
		None               void
 Registers used:
		wreg, status,2
 Tracked objects:
		On entry : 
		On exit  : 
		Unchanged: 
 Data sizes:     COMRAM   BANK0   BANK1   BANK2   BANK3   BANK4   BANK5   BANK6   BANK7   BANK8   BANK9  BANK10  BANK11  BANK12  BANK13  BANK14  BANK15
      Params:         0       0       0       0       0       0       0       0       0       0       0       0       0       0       0       0       0
      Locals:         0       0       0       0       0       0       0       0       0       0       0       0       0       0       0       0       0
      Temps:          0       0       0       0       0       0       0       0       0       0       0       0       0       0       0       0       0
      Totals:         0       0       0       0       0       0       0       0       0       0       0       0       0       0       0       0       0
Total ram usage:        0 bytes
 Hardware stack levels used:    1
 This function calls:
		Nothing
 This function is called by:
		_chkisr
 This function uses a non-reentrant model


 *************** function _INTx_isr *****************
 Defined at:
		line 57 in file "../Interrupt.c"
 Parameters:    Size  Location     Type
		None
 Auto vars:     Size  Location     Type
		None
 Return value:  Size  Location     Type
		None               void
 Registers used:
		wreg, status,2, status,0, cstack
 Tracked objects:
		On entry : 
		On exit  : 
		Unchanged: 
 Data sizes:     COMRAM   BANK0   BANK1   BANK2   BANK3   BANK4   BANK5   BANK6   BANK7   BANK8   BANK9  BANK10  BANK11  BANK12  BANK13  BANK14  BANK15
      Params:         0       0       0       0       0       0       0       0       0       0       0       0       0       0       0       0       0
      Locals:         0       0       0       0       0       0       0       0       0       0       0       0       0       0       0       0       0
      Temps:          2       0       0       0       0       0       0       0       0       0       0       0       0       0       0       0       0
      Totals:         2       0       0       0       0       0       0       0       0       0       0       0       0       0       0       0       0
Total ram usage:        2 bytes
 Hardware stack levels used:    1
 Hardware stack levels required when called:    1
 This function calls:
		_Reset_Nec_State
 This function is called by:
		_chkisr
 This function uses a non-reentrant model


 *************** function _Reset_Nec_State *****************
 Defined at:
		line 51 in file "../Interrupt.c"
 Parameters:    Size  Location     Type
		None
 Auto vars:     Size  Location     Type
		None
 Return value:  Size  Location     Type
		None               void
 Registers used:
		wreg, status,2
 Tracked objects:
		On entry : 
		On exit  : 
		Unchanged: 
 Data sizes:     COMRAM   BANK0   BANK1   BANK2   BANK3   BANK4   BANK5   BANK6   BANK7   BANK8   BANK9  BANK10  BANK11  BANK12  BANK13  BANK14  BANK15
      Params:         0       0       0       0       0       0       0       0       0       0       0       0       0       0       0       0       0
      Locals:         0       0       0       0       0       0       0       0       0       0       0       0       0       0       0       0       0
      Temps:          0       0       0       0       0       0       0       0       0       0       0       0       0       0       0       0       0
      Totals:         0       0       0       0       0       0       0       0       0       0       0       0       0       0       0       0       0
Total ram usage:        0 bytes
 Hardware stack levels used:    1
 This function calls:
		Nothing
 This function is called by:
		_INTx_isr
 This function uses a non-reentrant model



MODULE INFORMATION

Module		Function		Class		Link	Load	Size
../Interrupt.c
		_INTx_isr      		CODE           	0838	0000	379
		_TIMER1_isr    		CODE           	2030	0000	13
		_Init_Interrupt		CODE           	1F10	0000	25
		_Enable_INT_Int		CODE           	208E	0000	7
		_Reset_Nec_Stat		CODE           	2086	0000	9
		_chkisr        		CODE           	0008	0000	141

../Interrupt.c estimated size: 574

../lab12.c
		_main          		CODE           	0376	0000	789

../lab12.c estimated size: 789

C:\Program Files (x86)\Microchip\xc8\v1.34\sources\common\float.c
		___ftpack      		CODE           	12E8	0000	199

C:\Program Files (x86)\Microchip\xc8\v1.34\sources\common\float.c estimated size: 199

C:\Program Files (x86)\Microchip\xc8\v1.34\sources\pic18\plib\USART\uopen.c
		_OpenUSART     		CODE           	181A	0000	113

C:\Program Files (x86)\Microchip\xc8\v1.34\sources\pic18\plib\USART\uopen.c estimated size: 113

../I2C_Soft.c
		_i2cLowSda     		CODE           	2064	0000	11
		_i2cLowScl     		CODE           	2076	0000	9
		_I2C_Write_Cmd_		CODE           	1EF6	0000	27
		_I2C_Write     		CODE           	1CC6	0000	63
		_I2C_Write_Cmd_		CODE           	1E82	0000	33
		_I2C_Stop      		CODE           	1FC2	0000	19
		_I2C_Read      		CODE           	1B84	0000	73
		_i2cNack       		CODE           	205A	0000	11
		_I2C_Init      		CODE           	2046	0000	11
		_i2cHighSda    		CODE           	207E	0000	9
		_i2cHighScl    		CODE           	2024	0000	13
		_I2C_Start     		CODE           	1FD4	0000	19
		_i2cAck        		CODE           	1FB0	0000	19
		_I2C_ReStart   		CODE           	1F28	0000	23

../I2C_Soft.c estimated size: 340

C:\Program Files (x86)\Microchip\xc8\v1.34\sources\common\lwmod.c
		___lwmod       		CODE           	1AA2	0000	77

C:\Program Files (x86)\Microchip\xc8\v1.34\sources\common\lwmod.c estimated size: 77

../ST7735_TFT.c
		_drawChar      		CODE           	09B2	0000	343
		_drawCircle    		CODE           	068A	0000	431
		_fillScreen    		CODE           	1EC0	0000	29
		_Rcmd3         		CODE           	0F52	0000	243
		_write_data    		CODE           	1FF6	0000	17
		_setAddrWindow 		CODE           	1A54	0000	79
		_drawtext      		CODE           	0D50	0000	267
		_fillRect      		CODE           	1B3A	0000	75
		_LCD_Reset     		CODE           	1F7A	0000	19
		_fillCircle    		CODE           	19B0	0000	83
		_drawPixel     		CODE           	1D72	0000	49
		_fillRectangle 		CODE           	120C	0000	221
		_write_command 		CODE           	2006	0000	17
		_fillCircleHelp		CODE           	0B08	0000	313
		_drawFastVLine 		CODE           	15AA	0000	137
		_Rcmd2red      		CODE           	1C88	0000	63
		_TFT_GreenTab_I		CODE           	1DA2	0000	43
		_delay_ms      		CODE           	1A02	0000	83
		_Rcmd1         		CODE           	0C40	0000	273
		_spiwrite      		CODE           	1F52	0000	21

../ST7735_TFT.c estimated size: 2806

C:\Program Files (x86)\Microchip\xc8\v1.34\sources\common\lbtoft.c
		___lbtoft      		CODE           	1DF4	0000	39

C:\Program Files (x86)\Microchip\xc8\v1.34\sources\common\lbtoft.c estimated size: 39

C:\Program Files (x86)\Microchip\xc8\v1.34\sources\common\ftmul.c
		___ftmul       		CODE           	0E5A	0000	249

C:\Program Files (x86)\Microchip\xc8\v1.34\sources\common\ftmul.c estimated size: 249

C:\Program Files (x86)\Microchip\xc8\v1.34\sources\common\isdigit.c
		_isdigit       		CODE           	1E3E	0000	35

C:\Program Files (x86)\Microchip\xc8\v1.34\sources\common\isdigit.c estimated size: 35

../Fan_Support.c
		_Turn_On_Fan   		CODE           	1FE6	0000	17
		_get_RPM       		CODE           	1C0C	0000	63
		_Decrease_Speed		CODE           	1E60	0000	35
		_do_update_pwm 		CODE           	13AE	0000	183
		_Toggle_Fan    		CODE           	1F3E	0000	21
		_Set_DC_RGB    		CODE           	1BCC	0000	65
		_Increase_Speed		CODE           	1E1A	0000	37
		_Turn_Off_Fan  		CODE           	203C	0000	11
		_Set_RPM_RGB   		CODE           	1AEE	0000	77

../Fan_Support.c estimated size: 509

C:\Program Files (x86)\Microchip\xc8\v1.34\sources\common\strlen.c
		_strlen        		CODE           	1C4A	0000	63

C:\Program Files (x86)\Microchip\xc8\v1.34\sources\common\strlen.c estimated size: 63

../I2C_Support.c
		_DS3231_Read_Ti		CODE           	18F0	0000	101
		_DS1621_Init   		CODE           	1EA2	0000	31
		_DS3231_Setup_T		CODE           	188A	0000	103
		_DS1621_Read_Te		CODE           	1D04	0000	61

../I2C_Support.c estimated size: 296

C:\Program Files (x86)\Microchip\xc8\v1.34\sources\common\ftdiv.c
		___ftdiv       		CODE           	112A	0000	227

C:\Program Files (x86)\Microchip\xc8\v1.34\sources\common\ftdiv.c estimated size: 227

shared
		_font          		MEDIUMCONST    	FD73	0000	256
		_dpowers       		MEDIUMCONST    	FF4E	0000	11
		__initializatio		CODE           	172C	0000	113
		_hexpowers     		MEDIUMCONST    	FF58	0000	9
		_font2         		MEDIUMCONST    	FE72	0000	221

shared estimated size: 610

C:\Program Files (x86)\Microchip\xc8\v1.34\sources\common\strcpy.c
		_strcpy        		CODE           	1D40	0000	51

C:\Program Files (x86)\Microchip\xc8\v1.34\sources\common\strcpy.c estimated size: 51

C:\Program Files (x86)\Microchip\xc8\v1.34\sources\common\lwdiv.c
		___lwdiv       		CODE           	1954	0000	93

C:\Program Files (x86)\Microchip\xc8\v1.34\sources\common\lwdiv.c estimated size: 93

C:\Program Files (x86)\Microchip\xc8\v1.34\sources\common\awdiv.c
		___awdiv       		CODE           	1514	0000	151

C:\Program Files (x86)\Microchip\xc8\v1.34\sources\common\awdiv.c estimated size: 151

../Main_Screen.c
		_Initialize_LCD		CODE           	1464	0000	177

../Main_Screen.c estimated size: 177

C:\Program Files (x86)\Microchip\xc8\v1.34\sources\common\doprnt.c
		_printf        		CODE           	001C	0000	859

C:\Program Files (x86)\Microchip\xc8\v1.34\sources\common\doprnt.c estimated size: 859

../utils.c
		_Init_UART     		CODE           	1F66	0000	21
		_Do_Beep       		CODE           	1F8C	0000	19
		_putch         		CODE           	2016	0000	15
		_Deactivate_Buz		CODE           	206E	0000	9
		_Wait_Half_Seco		CODE           	1EDC	0000	27
		_Wait_One_Sec  		CODE           	2050	0000	11
		_Activate_Buzze		CODE           	1F9E	0000	19

../utils.c estimated size: 121

C:\Program Files (x86)\Microchip\xc8\v1.34\sources\common\fttol.c
		___fttol       		CODE           	1044	0000	231

C:\Program Files (x86)\Microchip\xc8\v1.34\sources\common\fttol.c estimated size: 231

C:\Program Files (x86)\Microchip\xc8\v1.34\sources\common\Umul16.c
		___wmul        		CODE           	1DCC	0000	41

C:\Program Files (x86)\Microchip\xc8\v1.34\sources\common\Umul16.c estimated size: 41

